Component: ARM Compiler 5.06 update 6 (build 750) Tool: armlink [4d35ed]

==============================================================================

Section Cross References

    main.o(i.FS_ZN) refers to cfcmple.o(.text) for __aeabi_cfcmple
    main.o(i.FS_ZN) refers to timer.o(i.PWM_SetCompare1) for PWM_SetCompare1
    main.o(i.FS_ZN) refers to cfrcmple.o(.text) for __aeabi_cfrcmple
    main.o(i.FS_ZN) refers to main.o(.data) for flag3
    main.o(i.FS_ZN) refers to sht2x.o(.data) for temperatureC
    main.o(i.User_Modification) refers to syn6288e.o(i.syn6288_Say) for syn6288_Say
    main.o(i.User_Modification) refers to printfa.o(i.__0printf) for __2printf
    main.o(i.User_Modification) refers to drv_led.o(i.led_ON) for led_ON
    main.o(i.User_Modification) refers to drv_led.o(i.led_OFF) for led_OFF
    main.o(i.User_Modification) refers to timer.o(i.PWM_SetCompare1) for PWM_SetCompare1
    main.o(i.User_Modification) refers to tcp.o(i.ESP8266_GetNetWeather) for ESP8266_GetNetWeather
    main.o(i.User_Modification) refers to sht2x.o(i.SHT2X_TEST) for SHT2X_TEST
    main.o(i.User_Modification) refers to f2d.o(.text) for __aeabi_f2d
    main.o(i.User_Modification) refers to printfa.o(i.__0sprintf) for __2sprintf
    main.o(i.User_Modification) refers to main.o(i.FS_ZN) for FS_ZN
    main.o(i.User_Modification) refers to main.o(.data) for flag
    main.o(i.User_Modification) refers to ld3320a.o(.data) for nAsrRes
    main.o(i.User_Modification) refers to tcp.o(.bss) for NetDataBuf
    main.o(i.User_Modification) refers to sht2x.o(.data) for humidityRH
    main.o(i.User_Modification) refers to main.o(.bss) for sayArr
    main.o(i.main) refers to misc.o(i.NVIC_PriorityGroupConfig) for NVIC_PriorityGroupConfig
    main.o(i.main) refers to drv_led.o(i.led_Init) for led_Init
    main.o(i.main) refers to usart.o(i.usart1_Init) for usart1_Init
    main.o(i.main) refers to drv_fan.o(i.fan_Init) for fan_Init
    main.o(i.main) refers to syn6288e.o(i.syn6288_Init) for syn6288_Init
    main.o(i.main) refers to i2c.o(i.I2C_Configuration) for I2C_Configuration
    main.o(i.main) refers to sht2x.o(i.SHT2X_Init) for SHT2X_Init
    main.o(i.main) refers to ld3320a.o(i.LD3320A_Init) for LD3320A_Init
    main.o(i.main) refers to timer.o(i.Timer3_Init) for Timer3_Init
    main.o(i.main) refers to stm32f10x_tim.o(i.TIM_SetCompare1) for TIM_SetCompare1
    main.o(i.main) refers to esp8266.o(i.ESP8266_Init) for ESP8266_Init
    main.o(i.main) refers to timer.o(i.PWM_SetCompare1) for PWM_SetCompare1
    main.o(i.main) refers to ld3320a.o(i.LD3320A_RunAsr) for LD3320A_RunAsr
    main.o(i.main) refers to ld3320a.o(i.LD3320A_GetResult) for LD3320A_GetResult
    main.o(i.main) refers to main.o(i.User_Modification) for User_Modification
    main.o(i.main) refers to esp8266.o(i.ESP8266_AT_Test) for ESP8266_AT_Test
    main.o(i.main) refers to printfa.o(i.__0printf) for __2printf
    main.o(i.main) refers to esp8266.o(i.ESP8266_Net_Mode_Choose) for ESP8266_Net_Mode_Choose
    main.o(i.main) refers to esp8266.o(i.ESP8266_JoinAP) for ESP8266_JoinAP
    main.o(i.main) refers to esp8266.o(i.ESP8266_Enable_MultipleId) for ESP8266_Enable_MultipleId
    main.o(i.main) refers to tcp.o(i.ESP8266_STA_ConnNet) for ESP8266_STA_ConnNet
    main.o(i.main) refers to ld3320a.o(.data) for nAsrStatus
    main.o(i.main) refers to main.o(.data) for flag1
    drv_led.o(i.led_Init) refers to stm32f10x_rcc.o(i.RCC_APB2PeriphClockCmd) for RCC_APB2PeriphClockCmd
    drv_led.o(i.led_Init) refers to stm32f10x_gpio.o(i.GPIO_PinRemapConfig) for GPIO_PinRemapConfig
    drv_led.o(i.led_Init) refers to stm32f10x_gpio.o(i.GPIO_Init) for GPIO_Init
    drv_led.o(i.led_Init) refers to stm32f10x_gpio.o(i.GPIO_SetBits) for GPIO_SetBits
    drv_led.o(i.led_OFF) refers to stm32f10x_gpio.o(i.GPIO_SetBits) for GPIO_SetBits
    drv_led.o(i.led_ON) refers to stm32f10x_gpio.o(i.GPIO_ResetBits) for GPIO_ResetBits
    delay.o(i.delay_ms) refers to delay.o(i.delay_us) for delay_us
    delay.o(i.delay_s) refers to delay.o(i.delay_ms) for delay_ms
    usart.o(i.fputc) refers to stm32f10x_usart.o(i.USART_GetFlagStatus) for USART_GetFlagStatus
    usart.o(i.fputc) refers to stm32f10x_usart.o(i.USART_SendData) for USART_SendData
    usart.o(i.uart2_Init) refers to stm32f10x_rcc.o(i.RCC_APB1PeriphClockCmd) for RCC_APB1PeriphClockCmd
    usart.o(i.uart2_Init) refers to stm32f10x_rcc.o(i.RCC_APB2PeriphClockCmd) for RCC_APB2PeriphClockCmd
    usart.o(i.uart2_Init) refers to stm32f10x_gpio.o(i.GPIO_Init) for GPIO_Init
    usart.o(i.uart2_Init) refers to misc.o(i.NVIC_Init) for NVIC_Init
    usart.o(i.uart2_Init) refers to stm32f10x_usart.o(i.USART_Init) for USART_Init
    usart.o(i.uart2_Init) refers to stm32f10x_usart.o(i.USART_ITConfig) for USART_ITConfig
    usart.o(i.uart2_Init) refers to stm32f10x_usart.o(i.USART_Cmd) for USART_Cmd
    usart.o(i.usart1_Init) refers to stm32f10x_rcc.o(i.RCC_APB2PeriphClockCmd) for RCC_APB2PeriphClockCmd
[...]
    Removing stm32f10x_tim.o(i.TIM_SetCompare3), (4 bytes).
    Removing stm32f10x_tim.o(i.TIM_SetCompare4), (6 bytes).
    Removing stm32f10x_tim.o(i.TIM_SetCounter), (4 bytes).
    Removing stm32f10x_tim.o(i.TIM_SetIC1Prescaler), (18 bytes).
    Removing stm32f10x_tim.o(i.TIM_SetIC2Prescaler), (26 bytes).
    Removing stm32f10x_tim.o(i.TIM_SetIC3Prescaler), (18 bytes).
    Removing stm32f10x_tim.o(i.TIM_SetIC4Prescaler), (26 bytes).
    Removing stm32f10x_tim.o(i.TIM_TIxExternalClockConfig), (62 bytes).
    Removing stm32f10x_tim.o(i.TIM_TimeBaseStructInit), (18 bytes).
    Removing stm32f10x_tim.o(i.TIM_UpdateDisableConfig), (24 bytes).
    Removing stm32f10x_tim.o(i.TIM_UpdateRequestConfig), (24 bytes).
    Removing stm32f10x_usart.o(i.USART_ClearFlag), (18 bytes).
    Removing stm32f10x_usart.o(i.USART_ClearITPendingBit), (30 bytes).
    Removing stm32f10x_usart.o(i.USART_ClockInit), (34 bytes).
    Removing stm32f10x_usart.o(i.USART_ClockStructInit), (12 bytes).
    Removing stm32f10x_usart.o(i.USART_DMACmd), (18 bytes).
    Removing stm32f10x_usart.o(i.USART_DeInit), (156 bytes).
    Removing stm32f10x_usart.o(i.USART_HalfDuplexCmd), (24 bytes).
    Removing stm32f10x_usart.o(i.USART_IrDACmd), (24 bytes).
    Removing stm32f10x_usart.o(i.USART_IrDAConfig), (18 bytes).
    Removing stm32f10x_usart.o(i.USART_LINBreakDetectLengthConfig), (18 bytes).
    Removing stm32f10x_usart.o(i.USART_LINCmd), (24 bytes).
    Removing stm32f10x_usart.o(i.USART_OneBitMethodCmd), (24 bytes).
    Removing stm32f10x_usart.o(i.USART_OverSampling8Cmd), (22 bytes).
    Removing stm32f10x_usart.o(i.USART_ReceiverWakeUpCmd), (24 bytes).
    Removing stm32f10x_usart.o(i.USART_SendBreak), (10 bytes).
    Removing stm32f10x_usart.o(i.USART_SetAddress), (18 bytes).
    Removing stm32f10x_usart.o(i.USART_SetGuardTime), (16 bytes).
    Removing stm32f10x_usart.o(i.USART_SetPrescaler), (16 bytes).
    Removing stm32f10x_usart.o(i.USART_SmartCardCmd), (24 bytes).
    Removing stm32f10x_usart.o(i.USART_SmartCardNACKCmd), (24 bytes).
    Removing stm32f10x_usart.o(i.USART_StructInit), (24 bytes).
    Removing stm32f10x_usart.o(i.USART_WakeUpConfig), (18 bytes).
    Removing stm32f10x_wwdg.o(i.WWDG_ClearFlag), (12 bytes).
    Removing stm32f10x_wwdg.o(i.WWDG_DeInit), (22 bytes).
    Removing stm32f10x_wwdg.o(i.WWDG_Enable), (16 bytes).
    Removing stm32f10x_wwdg.o(i.WWDG_EnableIT), (12 bytes).
    Removing stm32f10x_wwdg.o(i.WWDG_GetFlagStatus), (12 bytes).
    Removing stm32f10x_wwdg.o(i.WWDG_SetCounter), (16 bytes).
    Removing stm32f10x_wwdg.o(i.WWDG_SetPrescaler), (24 bytes).
    Removing stm32f10x_wwdg.o(i.WWDG_SetWindowValue), (40 bytes).
    Removing system_stm32f10x.o(i.SystemCoreClockUpdate), (164 bytes).
    Removing system_stm32f10x.o(.data), (20 bytes).
    Removing startup_stm32f10x_md.o(HEAP), (512 bytes).

464 unused section(s) (total 19145 bytes) removed from the image.

==============================================================================

Image Symbol Table

    Local Symbols

    Symbol Name                              Value     Ov Type        Size  Object(Section)

    ../clib/microlib/ctype/ctype.c           0x00000000   Number         0  ctype_o.o ABSOLUTE
    ../clib/microlib/ctype/ctype.c           0x00000000   Number         0  isprint_o.o ABSOLUTE
    ../clib/microlib/ctype/ctype.c           0x00000000   Number         0  islower_o.o ABSOLUTE
    ../clib/microlib/ctype/ctype.c           0x00000000   Number         0  iscntrl_o.o ABSOLUTE
    ../clib/microlib/ctype/ctype.c           0x00000000   Number         0  isdigit_o.o ABSOLUTE
    ../clib/microlib/ctype/ctype.c           0x00000000   Number         0  isgraph_o.o ABSOLUTE
    ../clib/microlib/ctype/ctype.c           0x00000000   Number         0  isalnum_o.o ABSOLUTE
    ../clib/microlib/ctype/ctype.c           0x00000000   Number         0  isalpha_o.o ABSOLUTE
    ../clib/microlib/ctype/ctype.c           0x00000000   Number         0  isblank_o.o ABSOLUTE
    ../clib/microlib/ctype/ctype.c           0x00000000   Number         0  ispunct_o.o ABSOLUTE
    ../clib/microlib/ctype/ctype.c           0x00000000   Number         0  isspace_o.o ABSOLUTE
    ../clib/microlib/ctype/ctype.c           0x00000000   Number         0  isupper_o.o ABSOLUTE
    ../clib/microlib/ctype/ctype.c           0x00000000   Number         0  isxdigit_o.o ABSOLUTE
    ../clib/microlib/division.c              0x00000000   Number         0  uldiv.o ABSOLUTE
    ../clib/microlib/division.c              0x00000000   Number         0  uidiv.o ABSOLUTE
    ../clib/microlib/errno.c                 0x00000000   Number         0  errno.o ABSOLUTE
    ../clib/microlib/init/entry.s            0x00000000   Number         0  entry11b.o ABSOLUTE
    ../clib/microlib/init/entry.s            0x00000000   Number         0  entry11a.o ABSOLUTE
    ../clib/microlib/init/entry.s            0x00000000   Number         0  entry10b.o ABSOLUTE
    ../clib/microlib/init/entry.s            0x00000000   Number         0  entry10a.o ABSOLUTE
    ../clib/microlib/init/entry.s            0x00000000   Number         0  entry7a.o ABSOLUTE
    ../clib/microlib/init/entry.s            0x00000000   Number         0  entry9a.o ABSOLUTE
    ../clib/microlib/init/entry.s            0x00000000   Number         0  entry8b.o ABSOLUTE
    ../clib/microlib/init/entry.s            0x00000000   Number         0  entry8a.o ABSOLUTE
    ../clib/microlib/init/entry.s            0x00000000   Number         0  entry7b.o ABSOLUTE
    ../clib/microlib/init/entry.s            0x00000000   Number         0  entry9b.o ABSOLUTE
    ../clib/microlib/init/entry.s            0x00000000   Number         0  entry5.o ABSOLUTE
    ../clib/microlib/init/entry.s            0x00000000   Number         0  entry2.o ABSOLUTE
    ../clib/microlib/init/entry.s            0x00000000   Number         0  entry.o ABSOLUTE
    ../clib/microlib/longlong.c              0x00000000   Number         0  llshl.o ABSOLUTE
    ../clib/microlib/longlong.c              0x00000000   Number         0  llsshr.o ABSOLUTE
    ../clib/microlib/longlong.c              0x00000000   Number         0  llushr.o ABSOLUTE
    ../clib/microlib/printf/printf.c         0x00000000   Number         0  printf7.o ABSOLUTE
    ../clib/microlib/printf/printf.c         0x00000000   Number         0  printfa.o ABSOLUTE
    ../clib/microlib/printf/printf.c         0x00000000   Number         0  printf8.o ABSOLUTE
    ../clib/microlib/printf/printf.c         0x00000000   Number         0  printfb.o ABSOLUTE
    ../clib/microlib/printf/printf.c         0x00000000   Number         0  printf0.o ABSOLUTE
    ../clib/microlib/printf/printf.c         0x00000000   Number         0  printf6.o ABSOLUTE
    ../clib/microlib/printf/printf.c         0x00000000   Number         0  printf5.o ABSOLUTE
    ../clib/microlib/printf/printf.c         0x00000000   Number         0  printf4.o ABSOLUTE
    ../clib/microlib/printf/printf.c         0x00000000   Number         0  printf3.o ABSOLUTE
    ../clib/microlib/printf/printf.c         0x00000000   Number         0  printf1.o ABSOLUTE
    ../clib/microlib/printf/printf.c         0x00000000   Number         0  printf2.o ABSOLUTE
    ../clib/microlib/printf/stubs.s          0x00000000   Number         0  stubs.o ABSOLUTE
    ../clib/microlib/stdio/streams.c         0x00000000   Number         0  stdout.o ABSOLUTE
    ../clib/microlib/string/memcpy.c         0x00000000   Number         0  memcpya.o ABSOLUTE
    ../clib/microlib/string/memcpy.c         0x00000000   Number         0  memcpyb.o ABSOLUTE
    ../clib/microlib/string/memset.c         0x00000000   Number         0  memseta.o ABSOLUTE
    ../clib/microlib/string/strlen.c         0x00000000   Number         0  strlen.o ABSOLUTE
    ../clib/microlib/string/strstr.c         0x00000000   Number         0  strstr.o ABSOLUTE
    ../clib/microlib/stubs.s                 0x00000000   Number         0  iusefp.o ABSOLUTE
    ../clib/scanf.c                          0x00000000   Number         0  _chval.o ABSOLUTE
    ../clib/scanf.c                          0x00000000   Number         0  _strtoul.o ABSOLUTE
    ../clib/scanf.c                          0x00000000   Number         0  strtol.o ABSOLUTE
    ../clib/scanf.c                          0x00000000   Number         0  atoi.o ABSOLUTE
    ../fplib/microlib/d2f.c                  0x00000000   Number         0  d2f.o ABSOLUTE
    ../fplib/microlib/f2d.c                  0x00000000   Number         0  f2d.o ABSOLUTE
    ../fplib/microlib/fpadd.c                0x00000000   Number         0  dadd.o ABSOLUTE
    ../fplib/microlib/fpdiv.c                0x00000000   Number         0  ddiv.o ABSOLUTE
    ../fplib/microlib/fpepilogue.c           0x00000000   Number         0  fepilogue.o ABSOLUTE
    ../fplib/microlib/fpepilogue.c           0x00000000   Number         0  depilogue.o ABSOLUTE
    ../fplib/microlib/fpfix.c                0x00000000   Number         0  dfixul.o ABSOLUTE
    ../fplib/microlib/fpflt.c                0x00000000   Number         0  fflti.o ABSOLUTE
    ../fplib/microlib/fpmul.c                0x00000000   Number         0  dmul.o ABSOLUTE
    ..\apps\main.c                           0x00000000   Number         0  main.o ABSOLUTE
    ..\apps\stm32f10x_it.c                   0x00000000   Number         0  stm32f10x_it.o ABSOLUTE
    ..\drivers\src\SHT2X.c                   0x00000000   Number         0  sht2x.o ABSOLUTE
    ..\drivers\src\delay.c                   0x00000000   Number         0  delay.o ABSOLUTE
    ..\drivers\src\drv_fan.c                 0x00000000   Number         0  drv_fan.o ABSOLUTE
    ..\drivers\src\drv_iic.c                 0x00000000   Number         0  drv_iic.o ABSOLUTE
    ..\drivers\src\drv_led.c                 0x00000000   Number         0  drv_led.o ABSOLUTE
    ..\drivers\src\esp8266.c                 0x00000000   Number         0  esp8266.o ABSOLUTE
    ..\drivers\src\i2c.c                     0x00000000   Number         0  i2c.o ABSOLUTE
    ..\drivers\src\ld3320a.c                 0x00000000   Number         0  ld3320a.o ABSOLUTE
    ..\drivers\src\spi.c                     0x00000000   Number         0  spi.o ABSOLUTE
    ..\drivers\src\syn6288e.c                0x00000000   Number         0  syn6288e.o ABSOLUTE
    ..\drivers\src\tcp.c                     0x00000000   Number         0  tcp.o ABSOLUTE
    ..\drivers\src\timer.c                   0x00000000   Number         0  timer.o ABSOLUTE
    ..\drivers\src\usart.c                   0x00000000   Number         0  usart.o ABSOLUTE
    ..\libraries\CMSIS\CM3\DeviceSupport\ST\STM32F10x\startup\arm\startup_stm32f10x_md.s 0x00000000   Number         0  startup_stm32f10x_md.o ABSOLUTE
    ..\libraries\CMSIS\CM3\DeviceSupport\ST\STM32F10x\system_stm32f10x.c 0x00000000   Number         0  system_stm32f10x.o ABSOLUTE
    ..\libraries\STM32F10x_StdPeriph_Driver\src\misc.c 0x00000000   Number         0  misc.o ABSOLUTE
    ..\libraries\STM32F10x_StdPeriph_Driver\src\stm32f10x_adc.c 0x00000000   Number         0  stm32f10x_adc.o ABSOLUTE
    ..\libraries\STM32F10x_StdPeriph_Driver\src\stm32f10x_bkp.c 0x00000000   Number         0  stm32f10x_bkp.o ABSOLUTE
    ..\libraries\STM32F10x_StdPeriph_Driver\src\stm32f10x_can.c 0x00000000   Number         0  stm32f10x_can.o ABSOLUTE
    ..\libraries\STM32F10x_StdPeriph_Driver\src\stm32f10x_cec.c 0x00000000   Number         0  stm32f10x_cec.o ABSOLUTE
    ..\libraries\STM32F10x_StdPeriph_Driver\src\stm32f10x_crc.c 0x00000000   Number         0  stm32f10x_crc.o ABSOLUTE
    ..\libraries\STM32F10x_StdPeriph_Driver\src\stm32f10x_dac.c 0x00000000   Number         0  stm32f10x_dac.o ABSOLUTE
    ..\libraries\STM32F10x_StdPeriph_Driver\src\stm32f10x_dbgmcu.c 0x00000000   Number         0  stm32f10x_dbgmcu.o ABSOLUTE
    ..\libraries\STM32F10x_StdPeriph_Driver\src\stm32f10x_dma.c 0x00000000   Number         0  stm32f10x_dma.o ABSOLUTE
    ..\libraries\STM32F10x_StdPeriph_Driver\src\stm32f10x_exti.c 0x00000000   Number         0  stm32f10x_exti.o ABSOLUTE
    ..\libraries\STM32F10x_StdPeriph_Driver\src\stm32f10x_flash.c 0x00000000   Number         0  stm32f10x_flash.o ABSOLUTE
    ..\libraries\STM32F10x_StdPeriph_Driver\src\stm32f10x_fsmc.c 0x00000000   Number         0  stm32f10x_fsmc.o ABSOLUTE
    ..\libraries\STM32F10x_StdPeriph_Driver\src\stm32f10x_gpio.c 0x00000000   Number         0  stm32f10x_gpio.o ABSOLUTE
    ..\libraries\STM32F10x_StdPeriph_Driver\src\stm32f10x_i2c.c 0x00000000   Number         0  stm32f10x_i2c.o ABSOLUTE
    ..\libraries\STM32F10x_StdPeriph_Driver\src\stm32f10x_iwdg.c 0x00000000   Number         0  stm32f10x_iwdg.o ABSOLUTE
    ..\libraries\STM32F10x_StdPeriph_Driver\src\stm32f10x_pwr.c 0x00000000   Number         0  stm32f10x_pwr.o ABSOLUTE
    ..\libraries\STM32F10x_StdPeriph_Driver\src\stm32f10x_rcc.c 0x00000000   Number         0  stm32f10x_rcc.o ABSOLUTE
    ..\libraries\STM32F10x_StdPeriph_Driver\src\stm32f10x_rtc.c 0x00000000   Number         0  stm32f10x_rtc.o ABSOLUTE
    ..\libraries\STM32F10x_StdPeriph_Driver\src\stm32f10x_sdio.c 0x00000000   Number         0  stm32f10x_sdio.o ABSOLUTE
    ..\libraries\STM32F10x_StdPeriph_Driver\src\stm32f10x_spi.c 0x00000000   Number         0  stm32f10x_spi.o ABSOLUTE
    ..\libraries\STM32F10x_StdPeriph_Driver\src\stm32f10x_tim.c 0x00000000   Number         0  stm32f10x_tim.o ABSOLUTE
    ..\libraries\STM32F10x_StdPeriph_Driver\src\stm32f10x_usart.c 0x00000000   Number         0  stm32f10x_usart.o ABSOLUTE
    ..\libraries\STM32F10x_StdPeriph_Driver\src\stm32f10x_wwdg.c 0x00000000   Number         0  stm32f10x_wwdg.o ABSOLUTE
    cdrcmple.s                               0x00000000   Number         0  cdrcmple.o ABSOLUTE
    cfcmple.s                                0x00000000   Number         0  cfcmple.o ABSOLUTE
    cfrcmple.s                               0x00000000   Number         0  cfrcmple.o ABSOLUTE
    dc.s                                     0x00000000   Number         0  dc.o ABSOLUTE
    handlers.s                               0x00000000   Number         0  handlers.o ABSOLUTE
    init.s                                   0x00000000   Number         0  init.o ABSOLUTE
    RESET                                    0x08000000   Section      236  startup_stm32f10x_md.o(RESET)
    .ARM.Collect$$$$00000000                 0x080000ec   Section        0  entry.o(.ARM.Collect$$$$00000000)
    .ARM.Collect$$$$00000001                 0x080000ec   Section        4  entry2.o(.ARM.Collect$$$$00000001)
    .ARM.Collect$$$$00000004                 0x080000f0   Section        4  entry5.o(.ARM.Collect$$$$00000004)
    .ARM.Collect$$$$00000008                 0x080000f4   Section        0  entry7b.o(.ARM.Collect$$$$00000008)
    .ARM.Collect$$$$0000000A                 0x080000f4   Section        0  entry8b.o(.ARM.Collect$$$$0000000A)
    .ARM.Collect$$$$0000000B                 0x080000f4   Section        8  entry9a.o(.ARM.Collect$$$$0000000B)
    .ARM.Collect$$$$0000000D                 0x080000fc   Section        0  entry10a.o(.ARM.Collect$$$$0000000D)
    .ARM.Collect$$$$0000000F                 0x080000fc   Section        0  entry11a.o(.ARM.Collect$$$$0000000F)
    .ARM.Collect$$$$00002712                 0x080000fc   Section        4  entry2.o(.ARM.Collect$$$$00002712)
    __lit__00000000                          0x080000fc   Data           4  entry2.o(.ARM.Collect$$$$00002712)
    .text                                    0x08000100   Section       36  startup_stm32f10x_md.o(.text)
    .text                                    0x08000124   Section        0  memcpya.o(.text)
    .text                                    0x08000148   Section        0  memseta.o(.text)
    .text                                    0x0800016c   Section        0  strstr.o(.text)
    .text                                    0x08000190   Section        0  strlen.o(.text)
    .text                                    0x0800019e   Section        0  atoi.o(.text)
    .text                                    0x080001b8   Section        0  dadd.o(.text)
    .text                                    0x08000306   Section        0  dmul.o(.text)
    .text                                    0x080003ea   Section        0  fflti.o(.text)
    .text                                    0x080003fc   Section        0  f2d.o(.text)
    .text                                    0x08000422   Section        0  d2f.o(.text)
    .text                                    0x0800045c   Section       20  cfcmple.o(.text)
    .text                                    0x08000470   Section       20  cfrcmple.o(.text)
    .text                                    0x08000484   Section        0  uidiv.o(.text)
    .text                                    0x080004b0   Section        0  uldiv.o(.text)
    .text                                    0x08000512   Section        0  llshl.o(.text)
    .text                                    0x08000530   Section        0  llsshr.o(.text)
    .text                                    0x08000554   Section        0  strtol.o(.text)
    .text                                    0x080005c4   Section        0  iusefp.o(.text)
    .text                                    0x080005c4   Section        0  fepilogue.o(.text)
    .text                                    0x08000632   Section        0  depilogue.o(.text)
    .text                                    0x080006ec   Section        0  ddiv.o(.text)
    .text                                    0x080007ca   Section        0  dfixul.o(.text)
    .text                                    0x080007fc   Section       48  cdrcmple.o(.text)
    .text                                    0x0800082c   Section       36  init.o(.text)
    .text                                    0x08000850   Section        0  llushr.o(.text)
    .text                                    0x08000870   Section        0  ctype_o.o(.text)
    .text                                    0x08000878   Section        0  _strtoul.o(.text)
    .text                                    0x08000916   Section        0  _chval.o(.text)
    i.BUS_SPIExchangeByte                    0x08000934   Section        0  spi.o(i.BUS_SPIExchangeByte)
    i.BUS_SPIInit                            0x0800097c   Section        0  spi.o(i.BUS_SPIInit)
    i.BusFault_Handler                       0x08000a78   Section        0  stm32f10x_it.o(i.BusFault_Handler)
    i.DebugMon_Handler                       0x08000a7c   Section        0  stm32f10x_it.o(i.DebugMon_Handler)
    i.ESP8266_AT_Test                        0x08000a80   Section        0  esp8266.o(i.ESP8266_AT_Test)
    i.ESP8266_Close_Server                   0x08000acc   Section        0  esp8266.o(i.ESP8266_Close_Server)
    i.ESP8266_Enable_MultipleId              0x08000b1c   Section        0  esp8266.o(i.ESP8266_Enable_MultipleId)
    i.ESP8266_ExitUnvarnishSend              0x08000b5c   Section        0  esp8266.o(i.ESP8266_ExitUnvarnishSend)
    i.ESP8266_GetNetWeather                  0x08000b80   Section        0  tcp.o(i.ESP8266_GetNetWeather)
    i.ESP8266_Get_LinkStatus                 0x08000cc4   Section        0  esp8266.o(i.ESP8266_Get_LinkStatus)
    i.ESP8266_Init                           0x08000d40   Section        0  esp8266.o(i.ESP8266_Init)
    i.ESP8266_JoinAP                         0x08000d84   Section        0  esp8266.o(i.ESP8266_JoinAP)
    i.ESP8266_Link_Server                    0x08000dc4   Section        0  esp8266.o(i.ESP8266_Link_Server)
    i.ESP8266_Net_Mode_Choose                0x08000e84   Section        0  esp8266.o(i.ESP8266_Net_Mode_Choose)
    i.ESP8266_Rst                            0x08000efc   Section        0  esp8266.o(i.ESP8266_Rst)
    i.ESP8266_STA_ConnNet                    0x08000f1c   Section        0  tcp.o(i.ESP8266_STA_ConnNet)
    i.ESP8266_SendString                     0x08000f58   Section        0  esp8266.o(i.ESP8266_SendString)
    i.ESP8266_Send_AT_Cmd                    0x08000ff8   Section        0  esp8266.o(i.ESP8266_Send_AT_Cmd)
    i.ESP8266_UnvarnishSend                  0x080010b8   Section        0  esp8266.o(i.ESP8266_UnvarnishSend)
    i.EXTI1_IRQHandler                       0x08001104   Section        0  ld3320a.o(i.EXTI1_IRQHandler)
    i.EXTI_ClearFlag                         0x08001134   Section        0  stm32f10x_exti.o(i.EXTI_ClearFlag)
    i.EXTI_ClearITPendingBit                 0x08001140   Section        0  stm32f10x_exti.o(i.EXTI_ClearITPendingBit)
    i.EXTI_GetITStatus                       0x0800114c   Section        0  stm32f10x_exti.o(i.EXTI_GetITStatus)
    i.EXTI_Init                              0x08001174   Section        0  stm32f10x_exti.o(i.EXTI_Init)
    i.FS_ZN                                  0x08001208   Section        0  main.o(i.FS_ZN)
    i.GPIO_EXTILineConfig                    0x0800126c   Section        0  stm32f10x_gpio.o(i.GPIO_EXTILineConfig)
    i.GPIO_Init                              0x080012ac   Section        0  stm32f10x_gpio.o(i.GPIO_Init)
    i.GPIO_PinRemapConfig                    0x080013c4   Section        0  stm32f10x_gpio.o(i.GPIO_PinRemapConfig)
    i.GPIO_ReadInputDataBit                  0x08001454   Section        0  stm32f10x_gpio.o(i.GPIO_ReadInputDataBit)
    i.GPIO_ResetBits                         0x08001466   Section        0  stm32f10x_gpio.o(i.GPIO_ResetBits)
    i.GPIO_SetBits                           0x0800146a   Section        0  stm32f10x_gpio.o(i.GPIO_SetBits)
    i.HardFault_Handler                      0x0800146e   Section        0  stm32f10x_it.o(i.HardFault_Handler)
    i.I2C_Ack                                0x08001474   Section        0  i2c.o(i.I2C_Ack)
    i.I2C_Configuration                      0x080014ac   Section        0  i2c.o(i.I2C_Configuration)
    i.I2C_NoAck                              0x080014f0   Section        0  i2c.o(i.I2C_NoAck)
    i.I2C_ReceiveByte                        0x08001528   Section        0  i2c.o(i.I2C_ReceiveByte)
    i.I2C_SendByte                           0x0800157c   Section        0  i2c.o(i.I2C_SendByte)
    i.I2C_Start                              0x080015d4   Section        0  i2c.o(i.I2C_Start)
    i.I2C_Stop                               0x08001628   Section        0  i2c.o(i.I2C_Stop)
    i.I2C_WaitAck                            0x08001660   Section        0  i2c.o(i.I2C_WaitAck)
    i.I2C_delay                              0x080016ac   Section        0  i2c.o(i.I2C_delay)
    i.LD3320A_ASRInit                        0x080016bc   Section        0  ld3320a.o(i.LD3320A_ASRInit)
    LD3320A_ASRInit                          0x080016bd   Thumb Code   106  ld3320a.o(i.LD3320A_ASRInit)
    i.LD3320A_AsrAddFixed                    0x0800172c   Section        0  ld3320a.o(i.LD3320A_AsrAddFixed)
    LD3320A_AsrAddFixed                      0x0800172d   Thumb Code   190  ld3320a.o(i.LD3320A_AsrAddFixed)
    i.LD3320A_AsrRunInit                     0x080017f4   Section        0  ld3320a.o(i.LD3320A_AsrRunInit)
    LD3320A_AsrRunInit                       0x080017f5   Thumb Code   120  ld3320a.o(i.LD3320A_AsrRunInit)
    i.LD3320A_CheckASRIdleFlag               0x08001870   Section        0  ld3320a.o(i.LD3320A_CheckASRIdleFlag)
    LD3320A_CheckASRIdleFlag                 0x08001871   Thumb Code    42  ld3320a.o(i.LD3320A_CheckASRIdleFlag)
    i.LD3320A_CommonInit                     0x0800189c   Section        0  ld3320a.o(i.LD3320A_CommonInit)
    LD3320A_CommonInit                       0x0800189d   Thumb Code   194  ld3320a.o(i.LD3320A_CommonInit)
    i.LD3320A_GPIOInit                       0x08001964   Section        0  ld3320a.o(i.LD3320A_GPIOInit)
    LD3320A_GPIOInit                         0x08001965   Thumb Code   254  ld3320a.o(i.LD3320A_GPIOInit)
    i.LD3320A_GetResult                      0x08001a6c   Section        0  ld3320a.o(i.LD3320A_GetResult)
    i.LD3320A_Init                           0x08001a78   Section        0  ld3320a.o(i.LD3320A_Init)
    i.LD3320A_ReadReg                        0x08001a98   Section        0  ld3320a.o(i.LD3320A_ReadReg)
    LD3320A_ReadReg                          0x08001a99   Thumb Code    66  ld3320a.o(i.LD3320A_ReadReg)
    i.LD3320A_Reset                          0x08001ae0   Section        0  ld3320a.o(i.LD3320A_Reset)
    LD3320A_Reset                            0x08001ae1   Thumb Code    74  ld3320a.o(i.LD3320A_Reset)
    i.LD3320A_RunAsr                         0x08001b30   Section        0  ld3320a.o(i.LD3320A_RunAsr)
    i.LD3320A_WriteReg                       0x08001b80   Section        0  ld3320a.o(i.LD3320A_WriteReg)
    LD3320A_WriteReg                         0x08001b81   Thumb Code    64  ld3320a.o(i.LD3320A_WriteReg)
    i.MemManage_Handler                      0x08001bc4   Section        0  stm32f10x_it.o(i.MemManage_Handler)
    i.NMI_Handler                            0x08001bc8   Section        0  stm32f10x_it.o(i.NMI_Handler)
    i.NVIC_Init                              0x08001bcc   Section        0  misc.o(i.NVIC_Init)
    i.NVIC_PriorityGroupConfig               0x08001c3c   Section        0  misc.o(i.NVIC_PriorityGroupConfig)
    i.PWM_SetCompare1                        0x08001c50   Section        0  timer.o(i.PWM_SetCompare1)
    i.PendSV_Handler                         0x08001c64   Section        0  stm32f10x_it.o(i.PendSV_Handler)
    i.ProcessInt                             0x08001c68   Section        0  ld3320a.o(i.ProcessInt)
    i.RCC_APB1PeriphClockCmd                 0x08001cd8   Section        0  stm32f10x_rcc.o(i.RCC_APB1PeriphClockCmd)
    i.RCC_APB2PeriphClockCmd                 0x08001cf8   Section        0  stm32f10x_rcc.o(i.RCC_APB2PeriphClockCmd)
    i.RCC_GetClocksFreq                      0x08001d18   Section        0  stm32f10x_rcc.o(i.RCC_GetClocksFreq)
    i.SHT2X_IIC_ReadByte                     0x08001dec   Section        0  sht2x.o(i.SHT2X_IIC_ReadByte)
    i.SHT2X_IIC_WriteByte                    0x08001e52   Section        0  sht2x.o(i.SHT2X_IIC_WriteByte)
    i.SHT2X_Init                             0x08001e94   Section        0  sht2x.o(i.SHT2X_Init)
    i.SHT2X_TEST                             0x0800201c   Section        0  sht2x.o(i.SHT2X_TEST)
    i.SHT2x_Calc_RH                          0x08002078   Section        0  sht2x.o(i.SHT2x_Calc_RH)
    i.SHT2x_Calc_T                           0x0800216c   Section        0  sht2x.o(i.SHT2x_Calc_T)
    i.SHT2x_CheckCrc                         0x08002268   Section        0  sht2x.o(i.SHT2x_CheckCrc)
    i.SHT2x_GetSerialNumber                  0x080022b2   Section        0  sht2x.o(i.SHT2x_GetSerialNumber)
    i.SHT2x_ReadUserRegister                 0x080023a8   Section        0  sht2x.o(i.SHT2x_ReadUserRegister)
    i.SHT2x_WriteUserRegister                0x080023be   Section        0  sht2x.o(i.SHT2x_WriteUserRegister)
    i.SPI_Cmd                                0x080023da   Section        0  stm32f10x_spi.o(i.SPI_Cmd)
    i.SPI_I2S_GetFlagStatus                  0x080023f2   Section        0  stm32f10x_spi.o(i.SPI_I2S_GetFlagStatus)
    i.SPI_I2S_ReceiveData                    0x08002404   Section        0  stm32f10x_spi.o(i.SPI_I2S_ReceiveData)
    i.SPI_I2S_SendData                       0x0800240a   Section        0  stm32f10x_spi.o(i.SPI_I2S_SendData)
    i.SPI_Init                               0x0800240e   Section        0  stm32f10x_spi.o(i.SPI_Init)
    i.SVC_Handler                            0x0800244a   Section        0  stm32f10x_it.o(i.SVC_Handler)
    i.SetSysClock                            0x0800244c   Section        0  system_stm32f10x.o(i.SetSysClock)
    SetSysClock                              0x0800244d   Thumb Code     8  system_stm32f10x.o(i.SetSysClock)
    i.SetSysClockTo72                        0x08002454   Section        0  system_stm32f10x.o(i.SetSysClockTo72)
    SetSysClockTo72                          0x08002455   Thumb Code   214  system_stm32f10x.o(i.SetSysClockTo72)
    i.Syn6288_FramInfo                       0x08002534   Section        0  syn6288e.o(i.Syn6288_FramInfo)
    i.SysTick_Handler                        0x080025ae   Section        0  stm32f10x_it.o(i.SysTick_Handler)
    i.SystemInit                             0x080025b0   Section        0  system_stm32f10x.o(i.SystemInit)
    i.TIM_ARRPreloadConfig                   0x08002610   Section        0  stm32f10x_tim.o(i.TIM_ARRPreloadConfig)
    i.TIM_Cmd                                0x08002628   Section        0  stm32f10x_tim.o(i.TIM_Cmd)
    i.TIM_OC1Init                            0x08002640   Section        0  stm32f10x_tim.o(i.TIM_OC1Init)
    i.TIM_OC1PreloadConfig                   0x080026d8   Section        0  stm32f10x_tim.o(i.TIM_OC1PreloadConfig)
    i.TIM_SetCompare1                        0x080026ea   Section        0  stm32f10x_tim.o(i.TIM_SetCompare1)
    i.TIM_TimeBaseInit                       0x080026f0   Section        0  stm32f10x_tim.o(i.TIM_TimeBaseInit)
    i.Timer3_Init                            0x08002794   Section        0  timer.o(i.Timer3_Init)
    i.USART1_IRQHandler                      0x08002828   Section        0  esp8266.o(i.USART1_IRQHandler)
    i.USART2_IRQHandler                      0x080028a4   Section        0  esp8266.o(i.USART2_IRQHandler)
    i.USART_Cmd                              0x08002934   Section        0  stm32f10x_usart.o(i.USART_Cmd)
    i.USART_GetFlagStatus                    0x0800294c   Section        0  stm32f10x_usart.o(i.USART_GetFlagStatus)
    i.USART_GetITStatus                      0x08002966   Section        0  stm32f10x_usart.o(i.USART_GetITStatus)
    i.USART_ITConfig                         0x080029ba   Section        0  stm32f10x_usart.o(i.USART_ITConfig)
    i.USART_Init                             0x08002a04   Section        0  stm32f10x_usart.o(i.USART_Init)
    i.USART_ReceiveData                      0x08002adc   Section        0  stm32f10x_usart.o(i.USART_ReceiveData)
    i.USART_SendData                         0x08002ae6   Section        0  stm32f10x_usart.o(i.USART_SendData)
    i.USART_printf                           0x08002aee   Section        0  esp8266.o(i.USART_printf)
    i.UsageFault_Handler                     0x08002bf4   Section        0  stm32f10x_it.o(i.UsageFault_Handler)
    i.User_Modification                      0x08002bf8   Section        0  main.o(i.User_Modification)
    i.__0printf                              0x08002ec0   Section        0  printfa.o(i.__0printf)
    i.__0sprintf                             0x08002ee0   Section        0  printfa.o(i.__0sprintf)
    i.__aeabi_errno_addr                     0x08002f08   Section        0  errno.o(i.__aeabi_errno_addr)
    i.__scatterload_copy                     0x08002f10   Section       14  handlers.o(i.__scatterload_copy)
    i.__scatterload_null                     0x08002f1e   Section        2  handlers.o(i.__scatterload_null)
    i.__scatterload_zeroinit                 0x08002f20   Section       14  handlers.o(i.__scatterload_zeroinit)
    i._fp_digits                             0x08002f30   Section        0  printfa.o(i._fp_digits)
    _fp_digits                               0x08002f31   Thumb Code   366  printfa.o(i._fp_digits)
    i._printf_core                           0x080030b4   Section        0  printfa.o(i._printf_core)
    _printf_core                             0x080030b5   Thumb Code  1744  printfa.o(i._printf_core)
    i._printf_post_padding                   0x08003790   Section        0  printfa.o(i._printf_post_padding)
    _printf_post_padding                     0x08003791   Thumb Code    36  printfa.o(i._printf_post_padding)
    i._printf_pre_padding                    0x080037b4   Section        0  printfa.o(i._printf_pre_padding)
    _printf_pre_padding                      0x080037b5   Thumb Code    46  printfa.o(i._printf_pre_padding)
    i._sputc                                 0x080037e2   Section        0  printfa.o(i._sputc)
    _sputc                                   0x080037e3   Thumb Code    10  printfa.o(i._sputc)
    i.delay_ms                               0x080037ec   Section        0  delay.o(i.delay_ms)
    i.delay_us                               0x08003804   Section        0  delay.o(i.delay_us)
    i.delay_us                               0x08003836   Section        0  sht2x.o(i.delay_us)
    delay_us                                 0x08003837   Thumb Code    26  sht2x.o(i.delay_us)
    i.fan_Init                               0x08003850   Section        0  drv_fan.o(i.fan_Init)
    i.fputc                                  0x080038a0   Section        0  usart.o(i.fputc)
    i.itoa                                   0x080038d4   Section        0  esp8266.o(i.itoa)
    itoa                                     0x080038d5   Thumb Code    98  esp8266.o(i.itoa)
    i.led_Init                               0x08003938   Section        0  drv_led.o(i.led_Init)
    i.led_OFF                                0x0800397c   Section        0  drv_led.o(i.led_OFF)
    i.led_ON                                 0x0800398c   Section        0  drv_led.o(i.led_ON)
    i.main                                   0x0800399c   Section        0  main.o(i.main)
    i.syn6288_BY_Init                        0x08003ab4   Section        0  syn6288e.o(i.syn6288_BY_Init)
    i.syn6288_Init                           0x08003adc   Section        0  syn6288e.o(i.syn6288_Init)
    i.syn6288_Say                            0x08003ae8   Section        0  syn6288e.o(i.syn6288_Say)
    i.syn6288_Usart3_SendString              0x08003b14   Section        0  syn6288e.o(i.syn6288_Usart3_SendString)
    syn6288_Usart3_SendString                0x08003b15   Thumb Code    56  syn6288e.o(i.syn6288_Usart3_SendString)
    i.syn6288_Usart_Init                     0x08003b50   Section        0  syn6288e.o(i.syn6288_Usart_Init)
    i.uart2_Init                             0x08003bd0   Section        0  usart.o(i.uart2_Init)
    i.usart1_Init                            0x08003c74   Section        0  usart.o(i.usart1_Init)
    .constdata                               0x08003d1c   Section      630  ld3320a.o(.constdata)
    .constdata                               0x08003f94   Section       56  spi.o(.constdata)
    .constdata                               0x08003fcc   Section      129  ctype_o.o(.constdata)
    .constdata                               0x08004050   Section        4  ctype_o.o(.constdata)
    table                                    0x08004050   Data           4  ctype_o.o(.constdata)
    .conststring                             0x08004054   Section      379  tcp.o(.conststring)
    .data                                    0x20000000   Section       13  main.o(.data)
    flag                                     0x2000000c   Data           1  main.o(.data)
    .data                                    0x20000010   Section      160  tcp.o(.data)
    .data                                    0x200000b0   Section       32  sht2x.o(.data)
    .data                                    0x200000d0   Section        3  ld3320a.o(.data)
    .data                                    0x200000d4   Section       32  spi.o(.data)
    .data                                    0x200000f4   Section       20  stm32f10x_rcc.o(.data)
    APBAHBPrescTable                         0x200000f4   Data          16  stm32f10x_rcc.o(.data)
    ADCPrescTable                            0x20000104   Data           4  stm32f10x_rcc.o(.data)
    .data                                    0x20000108   Section        4  stdout.o(.data)
    .data                                    0x2000010c   Section        4  errno.o(.data)
    _errno                                   0x2000010c   Data           4  errno.o(.data)
    .bss                                     0x20000110   Section      100  main.o(.bss)
    sayArr                                   0x20000110   Data         100  main.o(.bss)
    .bss                                     0x20000174   Section     1026  esp8266.o(.bss)
    .bss                                     0x20000576   Section       60  tcp.o(.bss)
    STACK                                    0x200005b8   Section     1024  startup_stm32f10x_md.o(STACK)

    Global Symbols

    Symbol Name                              Value     Ov Type        Size  Object(Section)

    BuildAttributes$$THM_ISAv4$P$D$K$B$S$PE$A:L22UL41UL21$X:L11$S22US41US21$IEEE1$IW$USESV6$~STKCKD$USESV7$~SHL$OTIME$ROPI$EBA8$MICROLIB$REQ8$PRES8$EABIv2 0x00000000   Number         0  anon$$obj.o ABSOLUTE
    __ARM_use_no_argv                        0x00000000   Number         0  main.o ABSOLUTE
    _printf_a                                0x00000000   Number         0  stubs.o ABSOLUTE
    _printf_c                                0x00000000   Number         0  stubs.o ABSOLUTE
    _printf_charcount                        0x00000000   Number         0  stubs.o ABSOLUTE
    _printf_d                                0x00000000   Number         0  stubs.o ABSOLUTE
    _printf_e                                0x00000000   Number         0  stubs.o ABSOLUTE
    _printf_f                                0x00000000   Number         0  stubs.o ABSOLUTE
    _printf_flags                            0x00000000   Number         0  stubs.o ABSOLUTE
    _printf_fp_dec                           0x00000000   Number         0  stubs.o ABSOLUTE
    _printf_fp_hex                           0x00000000   Number         0  stubs.o ABSOLUTE
    _printf_g                                0x00000000   Number         0  stubs.o ABSOLUTE
    _printf_i                                0x00000000   Number         0  stubs.o ABSOLUTE
    _printf_int_dec                          0x00000000   Number         0  stubs.o ABSOLUTE
    _printf_l                                0x00000000   Number         0  stubs.o ABSOLUTE
    _printf_lc                               0x00000000   Number         0  stubs.o ABSOLUTE
    _printf_ll                               0x00000000   Number         0  stubs.o ABSOLUTE
    _printf_lld                              0x00000000   Number         0  stubs.o ABSOLUTE
    _printf_lli                              0x00000000   Number         0  stubs.o ABSOLUTE
    _printf_llo                              0x00000000   Number         0  stubs.o ABSOLUTE
    _printf_llu                              0x00000000   Number         0  stubs.o ABSOLUTE
    _printf_llx                              0x00000000   Number         0  stubs.o ABSOLUTE
    _printf_longlong_dec                     0x00000000   Number         0  stubs.o ABSOLUTE
    _printf_longlong_hex                     0x00000000   Number         0  stubs.o ABSOLUTE
    _printf_longlong_oct                     0x00000000   Number         0  stubs.o ABSOLUTE
    _printf_ls                               0x00000000   Number         0  stubs.o ABSOLUTE
    _printf_mbtowc                           0x00000000   Number         0  stubs.o ABSOLUTE
    _printf_n                                0x00000000   Number         0  stubs.o ABSOLUTE
    _printf_o                                0x00000000   Number         0  stubs.o ABSOLUTE
    _printf_p                                0x00000000   Number         0  stubs.o ABSOLUTE
    _printf_percent                          0x00000000   Number         0  stubs.o ABSOLUTE
    _printf_pre_padding                      0x00000000   Number         0  stubs.o ABSOLUTE
    _printf_return_value                     0x00000000   Number         0  stubs.o ABSOLUTE
    _printf_s                                0x00000000   Number         0  stubs.o ABSOLUTE
    _printf_sizespec                         0x00000000   Number         0  stubs.o ABSOLUTE
    _printf_str                              0x00000000   Number         0  stubs.o ABSOLUTE
    _printf_truncate_signed                  0x00000000   Number         0  stubs.o ABSOLUTE
    _printf_truncate_unsigned                0x00000000   Number         0  stubs.o ABSOLUTE
    _printf_u                                0x00000000   Number         0  stubs.o ABSOLUTE
    _printf_wc                               0x00000000   Number         0  stubs.o ABSOLUTE
    _printf_wctomb                           0x00000000   Number         0  stubs.o ABSOLUTE
    _printf_widthprec                        0x00000000   Number         0  stubs.o ABSOLUTE
    _printf_x                                0x00000000   Number         0  stubs.o ABSOLUTE
    __cpp_initialize__aeabi_                  - Undefined Weak Reference
    __cxa_finalize                            - Undefined Weak Reference
    __decompress                              - Undefined Weak Reference
    _clock_init                               - Undefined Weak Reference
    _microlib_exit                            - Undefined Weak Reference
    __Vectors_Size                           0x000000ec   Number         0  startup_stm32f10x_md.o ABSOLUTE
    __Vectors                                0x08000000   Data           4  startup_stm32f10x_md.o(RESET)
    __Vectors_End                            0x080000ec   Data           0  startup_stm32f10x_md.o(RESET)
    __main                                   0x080000ed   Thumb Code     0  entry.o(.ARM.Collect$$$$00000000)
    _main_stk                                0x080000ed   Thumb Code     0  entry2.o(.ARM.Collect$$$$00000001)
    _main_scatterload                        0x080000f1   Thumb Code     0  entry5.o(.ARM.Collect$$$$00000004)
    __main_after_scatterload                 0x080000f5   Thumb Code     0  entry5.o(.ARM.Collect$$$$00000004)
    _main_clock                              0x080000f5   Thumb Code     0  entry7b.o(.ARM.Collect$$$$00000008)
    _main_cpp_init                           0x080000f5   Thumb Code     0  entry8b.o(.ARM.Collect$$$$0000000A)
    _main_init                               0x080000f5   Thumb Code     0  entry9a.o(.ARM.Collect$$$$0000000B)
    __rt_final_cpp                           0x080000fd   Thumb Code     0  entry10a.o(.ARM.Collect$$$$0000000D)
    __rt_final_exit                          0x080000fd   Thumb Code     0  entry11a.o(.ARM.Collect$$$$0000000F)
    Reset_Handler                            0x08000101   Thumb Code     8  startup_stm32f10x_md.o(.text)
    ADC1_2_IRQHandler                        0x0800011b   Thumb Code     0  startup_stm32f10x_md.o(.text)
    CAN1_RX1_IRQHandler                      0x0800011b   Thumb Code     0  startup_stm32f10x_md.o(.text)
    CAN1_SCE_IRQHandler                      0x0800011b   Thumb Code     0  startup_stm32f10x_md.o(.text)
    DMA1_Channel1_IRQHandler                 0x0800011b   Thumb Code     0  startup_stm32f10x_md.o(.text)
    DMA1_Channel2_IRQHandler                 0x0800011b   Thumb Code     0  startup_stm32f10x_md.o(.text)
    DMA1_Channel3_IRQHandler                 0x0800011b   Thumb Code     0  startup_stm32f10x_md.o(.text)
    DMA1_Channel4_IRQHandler                 0x0800011b   Thumb Code     0  startup_stm32f10x_md.o(.text)
    DMA1_Channel5_IRQHandler                 0x0800011b   Thumb Code     0  startup_stm32f10x_md.o(.text)
    DMA1_Channel6_IRQHandler                 0x0800011b   Thumb Code     0  startup_stm32f10x_md.o(.text)
    DMA1_Channel7_IRQHandler                 0x0800011b   Thumb Code     0  startup_stm32f10x_md.o(.text)
    EXTI0_IRQHandler                         0x0800011b   Thumb Code     0  startup_stm32f10x_md.o(.text)
    EXTI15_10_IRQHandler                     0x0800011b   Thumb Code     0  startup_stm32f10x_md.o(.text)
    EXTI2_IRQHandler                         0x0800011b   Thumb Code     0  startup_stm32f10x_md.o(.text)
    EXTI3_IRQHandler                         0x0800011b   Thumb Code     0  startup_stm32f10x_md.o(.text)
    EXTI4_IRQHandler                         0x0800011b   Thumb Code     0  startup_stm32f10x_md.o(.text)
    EXTI9_5_IRQHandler                       0x0800011b   Thumb Code     0  startup_stm32f10x_md.o(.text)
    FLASH_IRQHandler                         0x0800011b   Thumb Code     0  startup_stm32f10x_md.o(.text)
    I2C1_ER_IRQHandler                       0x0800011b   Thumb Code     0  startup_stm32f10x_md.o(.text)
    I2C1_EV_IRQHandler                       0x0800011b   Thumb Code     0  startup_stm32f10x_md.o(.text)
    I2C2_ER_IRQHandler                       0x0800011b   Thumb Code     0  startup_stm32f10x_md.o(.text)
    I2C2_EV_IRQHandler                       0x0800011b   Thumb Code     0  startup_stm32f10x_md.o(.text)
    PVD_IRQHandler                           0x0800011b   Thumb Code     0  startup_stm32f10x_md.o(.text)
    RCC_IRQHandler                           0x0800011b   Thumb Code     0  startup_stm32f10x_md.o(.text)
    RTCAlarm_IRQHandler                      0x0800011b   Thumb Code     0  startup_stm32f10x_md.o(.text)
    RTC_IRQHandler                           0x0800011b   Thumb Code     0  startup_stm32f10x_md.o(.text)
    SPI1_IRQHandler                          0x0800011b   Thumb Code     0  startup_stm32f10x_md.o(.text)
    SPI2_IRQHandler                          0x0800011b   Thumb Code     0  startup_stm32f10x_md.o(.text)
    TAMPER_IRQHandler                        0x0800011b   Thumb Code     0  startup_stm32f10x_md.o(.text)
    TIM1_BRK_IRQHandler                      0x0800011b   Thumb Code     0  startup_stm32f10x_md.o(.text)
    TIM1_CC_IRQHandler                       0x0800011b   Thumb Code     0  startup_stm32f10x_md.o(.text)
    TIM1_TRG_COM_IRQHandler                  0x0800011b   Thumb Code     0  startup_stm32f10x_md.o(.text)
    TIM1_UP_IRQHandler                       0x0800011b   Thumb Code     0  startup_stm32f10x_md.o(.text)
    TIM2_IRQHandler                          0x0800011b   Thumb Code     0  startup_stm32f10x_md.o(.text)
    TIM3_IRQHandler                          0x0800011b   Thumb Code     0  startup_stm32f10x_md.o(.text)
    TIM4_IRQHandler                          0x0800011b   Thumb Code     0  startup_stm32f10x_md.o(.text)
    USART3_IRQHandler                        0x0800011b   Thumb Code     0  startup_stm32f10x_md.o(.text)
    USBWakeUp_IRQHandler                     0x0800011b   Thumb Code     0  startup_stm32f10x_md.o(.text)
    USB_HP_CAN1_TX_IRQHandler                0x0800011b   Thumb Code     0  startup_stm32f10x_md.o(.text)
    USB_LP_CAN1_RX0_IRQHandler               0x0800011b   Thumb Code     0  startup_stm32f10x_md.o(.text)
    WWDG_IRQHandler                          0x0800011b   Thumb Code     0  startup_stm32f10x_md.o(.text)
    __aeabi_memcpy                           0x08000125   Thumb Code    36  memcpya.o(.text)
    __aeabi_memcpy4                          0x08000125   Thumb Code     0  memcpya.o(.text)
    __aeabi_memcpy8                          0x08000125   Thumb Code     0  memcpya.o(.text)
    __aeabi_memset                           0x08000149   Thumb Code    14  memseta.o(.text)
    __aeabi_memset4                          0x08000149   Thumb Code     0  memseta.o(.text)
    __aeabi_memset8                          0x08000149   Thumb Code     0  memseta.o(.text)
    __aeabi_memclr                           0x08000157   Thumb Code     4  memseta.o(.text)
    __aeabi_memclr4                          0x08000157   Thumb Code     0  memseta.o(.text)
    __aeabi_memclr8                          0x08000157   Thumb Code     0  memseta.o(.text)
    _memset$wrapper                          0x0800015b   Thumb Code    18  memseta.o(.text)
    strstr                                   0x0800016d   Thumb Code    36  strstr.o(.text)
    strlen                                   0x08000191   Thumb Code    14  strlen.o(.text)
    atoi                                     0x0800019f   Thumb Code    26  atoi.o(.text)
    __aeabi_dadd                             0x080001b9   Thumb Code   322  dadd.o(.text)
    __aeabi_dsub                             0x080002fb   Thumb Code     6  dadd.o(.text)
    __aeabi_drsub                            0x08000301   Thumb Code     6  dadd.o(.text)
    __aeabi_dmul                             0x08000307   Thumb Code   228  dmul.o(.text)
    __aeabi_i2f                              0x080003eb   Thumb Code    18  fflti.o(.text)
    __aeabi_f2d                              0x080003fd   Thumb Code    38  f2d.o(.text)
    __aeabi_d2f                              0x08000423   Thumb Code    56  d2f.o(.text)
    __aeabi_cfcmpeq                          0x0800045d   Thumb Code     0  cfcmple.o(.text)
    __aeabi_cfcmple                          0x0800045d   Thumb Code    20  cfcmple.o(.text)
    __aeabi_cfrcmple                         0x08000471   Thumb Code    20  cfrcmple.o(.text)
    __aeabi_uidiv                            0x08000485   Thumb Code     0  uidiv.o(.text)
    __aeabi_uidivmod                         0x08000485   Thumb Code    44  uidiv.o(.text)
    __aeabi_uldivmod                         0x080004b1   Thumb Code    98  uldiv.o(.text)
    __aeabi_llsl                             0x08000513   Thumb Code    30  llshl.o(.text)
    _ll_shift_l                              0x08000513   Thumb Code     0  llshl.o(.text)
    __aeabi_lasr                             0x08000531   Thumb Code    36  llsshr.o(.text)
    _ll_sshift_r                             0x08000531   Thumb Code     0  llsshr.o(.text)
    strtol                                   0x08000555   Thumb Code   112  strtol.o(.text)
    __I$use$fp                               0x080005c5   Thumb Code     0  iusefp.o(.text)
    _float_round                             0x080005c5   Thumb Code    18  fepilogue.o(.text)
    _float_epilogue                          0x080005d7   Thumb Code    92  fepilogue.o(.text)
    _double_round                            0x08000633   Thumb Code    30  depilogue.o(.text)
    _double_epilogue                         0x08000651   Thumb Code   156  depilogue.o(.text)
    __aeabi_ddiv                             0x080006ed   Thumb Code   222  ddiv.o(.text)
    __aeabi_d2ulz                            0x080007cb   Thumb Code    48  dfixul.o(.text)
    __aeabi_cdrcmple                         0x080007fd   Thumb Code    48  cdrcmple.o(.text)
    __scatterload                            0x0800082d   Thumb Code    28  init.o(.text)
    __scatterload_rt2                        0x0800082d   Thumb Code     0  init.o(.text)
    __aeabi_llsr                             0x08000851   Thumb Code    32  llushr.o(.text)
    _ll_ushift_r                             0x08000851   Thumb Code     0  llushr.o(.text)
    __rt_ctype_table                         0x08000871   Thumb Code     4  ctype_o.o(.text)
    _strtoul                                 0x08000879   Thumb Code   158  _strtoul.o(.text)
    _chval                                   0x08000917   Thumb Code    28  _chval.o(.text)
    BUS_SPIExchangeByte                      0x08000935   Thumb Code    68  spi.o(i.BUS_SPIExchangeByte)
    BUS_SPIInit                              0x0800097d   Thumb Code   200  spi.o(i.BUS_SPIInit)
    BusFault_Handler                         0x08000a79   Thumb Code     4  stm32f10x_it.o(i.BusFault_Handler)
    DebugMon_Handler                         0x08000a7d   Thumb Code     2  stm32f10x_it.o(i.DebugMon_Handler)
    ESP8266_AT_Test                          0x08000a81   Thumb Code    50  esp8266.o(i.ESP8266_AT_Test)
    ESP8266_Close_Server                     0x08000acd   Thumb Code    48  esp8266.o(i.ESP8266_Close_Server)
    ESP8266_Enable_MultipleId                0x08000b1d   Thumb Code    42  esp8266.o(i.ESP8266_Enable_MultipleId)
    ESP8266_ExitUnvarnishSend                0x08000b5d   Thumb Code    28  esp8266.o(i.ESP8266_ExitUnvarnishSend)
    ESP8266_GetNetWeather                    0x08000b81   Thumb Code   210  tcp.o(i.ESP8266_GetNetWeather)
    ESP8266_Get_LinkStatus                   0x08000cc5   Thumb Code    64  esp8266.o(i.ESP8266_Get_LinkStatus)
    ESP8266_Init                             0x08000d41   Thumb Code    62  esp8266.o(i.ESP8266_Init)
    ESP8266_JoinAP                           0x08000d85   Thumb Code    38  esp8266.o(i.ESP8266_JoinAP)
    ESP8266_Link_Server                      0x08000dc5   Thumb Code   110  esp8266.o(i.ESP8266_Link_Server)
    ESP8266_Net_Mode_Choose                  0x08000e85   Thumb Code    68  esp8266.o(i.ESP8266_Net_Mode_Choose)
    ESP8266_Rst                              0x08000efd   Thumb Code    28  esp8266.o(i.ESP8266_Rst)
    ESP8266_STA_ConnNet                      0x08000f1d   Thumb Code    34  tcp.o(i.ESP8266_STA_ConnNet)
    ESP8266_SendString                       0x08000f59   Thumb Code   102  esp8266.o(i.ESP8266_SendString)
    ESP8266_Send_AT_Cmd                      0x08000ff9   Thumb Code   172  esp8266.o(i.ESP8266_Send_AT_Cmd)
    ESP8266_UnvarnishSend                    0x080010b9   Thumb Code    38  esp8266.o(i.ESP8266_UnvarnishSend)
    EXTI1_IRQHandler                         0x08001105   Thumb Code    34  ld3320a.o(i.EXTI1_IRQHandler)
    EXTI_ClearFlag                           0x08001135   Thumb Code     6  stm32f10x_exti.o(i.EXTI_ClearFlag)
    EXTI_ClearITPendingBit                   0x08001141   Thumb Code     6  stm32f10x_exti.o(i.EXTI_ClearITPendingBit)
    EXTI_GetITStatus                         0x0800114d   Thumb Code    34  stm32f10x_exti.o(i.EXTI_GetITStatus)
    EXTI_Init                                0x08001175   Thumb Code   142  stm32f10x_exti.o(i.EXTI_Init)
    FS_ZN                                    0x08001209   Thumb Code    82  main.o(i.FS_ZN)
    GPIO_EXTILineConfig                      0x0800126d   Thumb Code    60  stm32f10x_gpio.o(i.GPIO_EXTILineConfig)
    GPIO_Init                                0x080012ad   Thumb Code   278  stm32f10x_gpio.o(i.GPIO_Init)
    GPIO_PinRemapConfig                      0x080013c5   Thumb Code   138  stm32f10x_gpio.o(i.GPIO_PinRemapConfig)
    GPIO_ReadInputDataBit                    0x08001455   Thumb Code    18  stm32f10x_gpio.o(i.GPIO_ReadInputDataBit)
    GPIO_ResetBits                           0x08001467   Thumb Code     4  stm32f10x_gpio.o(i.GPIO_ResetBits)
    GPIO_SetBits                             0x0800146b   Thumb Code     4  stm32f10x_gpio.o(i.GPIO_SetBits)
    HardFault_Handler                        0x0800146f   Thumb Code     4  stm32f10x_it.o(i.HardFault_Handler)
    I2C_Ack                                  0x08001475   Thumb Code    52  i2c.o(i.I2C_Ack)
    I2C_Configuration                        0x080014ad   Thumb Code    64  i2c.o(i.I2C_Configuration)
    I2C_NoAck                                0x080014f1   Thumb Code    52  i2c.o(i.I2C_NoAck)
    I2C_ReceiveByte                          0x08001529   Thumb Code    80  i2c.o(i.I2C_ReceiveByte)
    I2C_SendByte                             0x0800157d   Thumb Code    84  i2c.o(i.I2C_SendByte)
    I2C_Start                                0x080015d5   Thumb Code    78  i2c.o(i.I2C_Start)
    I2C_Stop                                 0x08001629   Thumb Code    52  i2c.o(i.I2C_Stop)
    I2C_WaitAck                              0x08001661   Thumb Code    72  i2c.o(i.I2C_WaitAck)
    I2C_delay                                0x080016ad   Thumb Code    14  i2c.o(i.I2C_delay)
    LD3320A_GetResult                        0x08001a6d   Thumb Code    10  ld3320a.o(i.LD3320A_GetResult)
    LD3320A_Init                             0x08001a79   Thumb Code    22  ld3320a.o(i.LD3320A_Init)
    LD3320A_RunAsr                           0x08001b31   Thumb Code    80  ld3320a.o(i.LD3320A_RunAsr)
    MemManage_Handler                        0x08001bc5   Thumb Code     4  stm32f10x_it.o(i.MemManage_Handler)
    NMI_Handler                              0x08001bc9   Thumb Code     2  stm32f10x_it.o(i.NMI_Handler)
    NVIC_Init                                0x08001bcd   Thumb Code   100  misc.o(i.NVIC_Init)
    NVIC_PriorityGroupConfig                 0x08001c3d   Thumb Code    10  misc.o(i.NVIC_PriorityGroupConfig)
    PWM_SetCompare1                          0x08001c51   Thumb Code    14  timer.o(i.PWM_SetCompare1)
    PendSV_Handler                           0x08001c65   Thumb Code     2  stm32f10x_it.o(i.PendSV_Handler)
    ProcessInt                               0x08001c69   Thumb Code   108  ld3320a.o(i.ProcessInt)
    RCC_APB1PeriphClockCmd                   0x08001cd9   Thumb Code    26  stm32f10x_rcc.o(i.RCC_APB1PeriphClockCmd)
    RCC_APB2PeriphClockCmd                   0x08001cf9   Thumb Code    26  stm32f10x_rcc.o(i.RCC_APB2PeriphClockCmd)
    RCC_GetClocksFreq                        0x08001d19   Thumb Code   192  stm32f10x_rcc.o(i.RCC_GetClocksFreq)
    SHT2X_IIC_ReadByte                       0x08001ded   Thumb Code   102  sht2x.o(i.SHT2X_IIC_ReadByte)
    SHT2X_IIC_WriteByte                      0x08001e53   Thumb Code    64  sht2x.o(i.SHT2X_IIC_WriteByte)
    SHT2X_Init                               0x08001e95   Thumb Code   280  sht2x.o(i.SHT2X_Init)
    SHT2X_TEST                               0x0800201d   Thumb Code    56  sht2x.o(i.SHT2X_TEST)
    SHT2x_Calc_RH                            0x08002079   Thumb Code   230  sht2x.o(i.SHT2x_Calc_RH)
    SHT2x_Calc_T                             0x0800216d   Thumb Code   230  sht2x.o(i.SHT2x_Calc_T)
    SHT2x_CheckCrc                           0x08002269   Thumb Code    74  sht2x.o(i.SHT2x_CheckCrc)
    SHT2x_GetSerialNumber                    0x080022b3   Thumb Code   246  sht2x.o(i.SHT2x_GetSerialNumber)
    SHT2x_ReadUserRegister                   0x080023a9   Thumb Code    22  sht2x.o(i.SHT2x_ReadUserRegister)
    SHT2x_WriteUserRegister                  0x080023bf   Thumb Code    28  sht2x.o(i.SHT2x_WriteUserRegister)
    SPI_Cmd                                  0x080023db   Thumb Code    24  stm32f10x_spi.o(i.SPI_Cmd)
    SPI_I2S_GetFlagStatus                    0x080023f3   Thumb Code    18  stm32f10x_spi.o(i.SPI_I2S_GetFlagStatus)
    SPI_I2S_ReceiveData                      0x08002405   Thumb Code     6  stm32f10x_spi.o(i.SPI_I2S_ReceiveData)
    SPI_I2S_SendData                         0x0800240b   Thumb Code     4  stm32f10x_spi.o(i.SPI_I2S_SendData)
    SPI_Init                                 0x0800240f   Thumb Code    60  stm32f10x_spi.o(i.SPI_Init)
    SVC_Handler                              0x0800244b   Thumb Code     2  stm32f10x_it.o(i.SVC_Handler)
    Syn6288_FramInfo                         0x08002535   Thumb Code   122  syn6288e.o(i.Syn6288_FramInfo)
    SysTick_Handler                          0x080025af   Thumb Code     2  stm32f10x_it.o(i.SysTick_Handler)
    SystemInit                               0x080025b1   Thumb Code    78  system_stm32f10x.o(i.SystemInit)
    TIM_ARRPreloadConfig                     0x08002611   Thumb Code    24  stm32f10x_tim.o(i.TIM_ARRPreloadConfig)
    TIM_Cmd                                  0x08002629   Thumb Code    24  stm32f10x_tim.o(i.TIM_Cmd)
    TIM_OC1Init                              0x08002641   Thumb Code   132  stm32f10x_tim.o(i.TIM_OC1Init)
    TIM_OC1PreloadConfig                     0x080026d9   Thumb Code    18  stm32f10x_tim.o(i.TIM_OC1PreloadConfig)
    TIM_SetCompare1                          0x080026eb   Thumb Code     4  stm32f10x_tim.o(i.TIM_SetCompare1)
    TIM_TimeBaseInit                         0x080026f1   Thumb Code   122  stm32f10x_tim.o(i.TIM_TimeBaseInit)
    Timer3_Init                              0x08002795   Thumb Code   140  timer.o(i.Timer3_Init)
    USART1_IRQHandler                        0x08002829   Thumb Code   114  esp8266.o(i.USART1_IRQHandler)
    USART2_IRQHandler                        0x080028a5   Thumb Code   130  esp8266.o(i.USART2_IRQHandler)
    USART_Cmd                                0x08002935   Thumb Code    24  stm32f10x_usart.o(i.USART_Cmd)
    USART_GetFlagStatus                      0x0800294d   Thumb Code    26  stm32f10x_usart.o(i.USART_GetFlagStatus)
    USART_GetITStatus                        0x08002967   Thumb Code    84  stm32f10x_usart.o(i.USART_GetITStatus)
    USART_ITConfig                           0x080029bb   Thumb Code    74  stm32f10x_usart.o(i.USART_ITConfig)
    USART_Init                               0x08002a05   Thumb Code   210  stm32f10x_usart.o(i.USART_Init)
    USART_ReceiveData                        0x08002add   Thumb Code    10  stm32f10x_usart.o(i.USART_ReceiveData)
    USART_SendData                           0x08002ae7   Thumb Code     8  stm32f10x_usart.o(i.USART_SendData)
    USART_printf                             0x08002aef   Thumb Code   262  esp8266.o(i.USART_printf)
    UsageFault_Handler                       0x08002bf5   Thumb Code     4  stm32f10x_it.o(i.UsageFault_Handler)
    User_Modification                        0x08002bf9   Thumb Code   368  main.o(i.User_Modification)
    __0printf                                0x08002ec1   Thumb Code    22  printfa.o(i.__0printf)
    __1printf                                0x08002ec1   Thumb Code     0  printfa.o(i.__0printf)
    __2printf                                0x08002ec1   Thumb Code     0  printfa.o(i.__0printf)
    __c89printf                              0x08002ec1   Thumb Code     0  printfa.o(i.__0printf)
    printf                                   0x08002ec1   Thumb Code     0  printfa.o(i.__0printf)
    __0sprintf                               0x08002ee1   Thumb Code    34  printfa.o(i.__0sprintf)
    __1sprintf                               0x08002ee1   Thumb Code     0  printfa.o(i.__0sprintf)
    __2sprintf                               0x08002ee1   Thumb Code     0  printfa.o(i.__0sprintf)
    __c89sprintf                             0x08002ee1   Thumb Code     0  printfa.o(i.__0sprintf)
    sprintf                                  0x08002ee1   Thumb Code     0  printfa.o(i.__0sprintf)
    __aeabi_errno_addr                       0x08002f09   Thumb Code     4  errno.o(i.__aeabi_errno_addr)
    __rt_errno_addr                          0x08002f09   Thumb Code     0  errno.o(i.__aeabi_errno_addr)
    __scatterload_copy                       0x08002f11   Thumb Code    14  handlers.o(i.__scatterload_copy)
    __scatterload_null                       0x08002f1f   Thumb Code     2  handlers.o(i.__scatterload_null)
    __scatterload_zeroinit                   0x08002f21   Thumb Code    14  handlers.o(i.__scatterload_zeroinit)
    delay_ms                                 0x080037ed   Thumb Code    24  delay.o(i.delay_ms)
    delay_us                                 0x08003805   Thumb Code    50  delay.o(i.delay_us)
    fan_Init                                 0x08003851   Thumb Code    74  drv_fan.o(i.fan_Init)
    fputc                                    0x080038a1   Thumb Code    46  usart.o(i.fputc)
    led_Init                                 0x08003939   Thumb Code    60  drv_led.o(i.led_Init)
    led_OFF                                  0x0800397d   Thumb Code    12  drv_led.o(i.led_OFF)
    led_ON                                   0x0800398d   Thumb Code    12  drv_led.o(i.led_ON)
    main                                     0x0800399d   Thumb Code   216  main.o(i.main)
    syn6288_BY_Init                          0x08003ab5   Thumb Code    36  syn6288e.o(i.syn6288_BY_Init)
    syn6288_Init                             0x08003add   Thumb Code    12  syn6288e.o(i.syn6288_Init)
    syn6288_Say                              0x08003ae9   Thumb Code    40  syn6288e.o(i.syn6288_Say)
    syn6288_Usart_Init                       0x08003b51   Thumb Code   120  syn6288e.o(i.syn6288_Usart_Init)
    uart2_Init                               0x08003bd1   Thumb Code   154  usart.o(i.uart2_Init)
    usart1_Init                              0x08003c75   Thumb Code   160  usart.o(i.usart1_Init)
    SPI_CLK                                  0x08003f94   Data           8  spi.o(.constdata)
    SPI_SCK_CLK                              0x08003f9c   Data           8  spi.o(.constdata)
    SPI_MISO_CLK                             0x08003fa4   Data           8  spi.o(.constdata)
    SPI_MOSI_CLK                             0x08003fac   Data           8  spi.o(.constdata)
    SPI_SCK_PIN                              0x08003fb4   Data           4  spi.o(.constdata)
    SPI_MISO_PIN                             0x08003fb8   Data           4  spi.o(.constdata)
    SPI_MOSI_PIN                             0x08003fbc   Data           4  spi.o(.constdata)
    IS_SPI_REMAP                             0x08003fc0   Data           2  spi.o(.constdata)
    SPI_REMAP                                0x08003fc4   Data           8  spi.o(.constdata)
    __ctype_table                            0x08003fcc   Data         129  ctype_o.o(.constdata)
    Region$$Table$$Base                      0x080041d0   Number         0  anon$$obj.o(Region$$Table)
    Region$$Table$$Limit                     0x080041f0   Number         0  anon$$obj.o(Region$$Table)
    flag3                                    0x20000000   Data           4  main.o(.data)
    flag1                                    0x20000004   Data           4  main.o(.data)
    flag2                                    0x20000008   Data           4  main.o(.data)
    TcpClosedFlag                            0x20000010   Data           1  tcp.o(.data)
    Weather_Code                             0x20000014   Data         156  tcp.o(.data)
    temperatureC                             0x200000b0   Data           4  sht2x.o(.data)
    humidityRH                               0x200000b4   Data           4  sht2x.o(.data)
    sndata1                                  0x200000b8   Data           8  sht2x.o(.data)
    sndata2                                  0x200000c0   Data           6  sht2x.o(.data)
    SN1                                      0x200000c8   Data           4  sht2x.o(.data)
    SN2                                      0x200000cc   Data           4  sht2x.o(.data)
    nLD_Mode                                 0x200000d0   Data           1  ld3320a.o(.data)
    nAsrStatus                               0x200000d1   Data           1  ld3320a.o(.data)
    nAsrRes                                  0x200000d2   Data           1  ld3320a.o(.data)
    BUS_SPI                                  0x200000d4   Data           8  spi.o(.data)
    SPI_SCK_PORT                             0x200000dc   Data           8  spi.o(.data)
    SPI_MISO_PORT                            0x200000e4   Data           8  spi.o(.data)
    SPI_MOSI_PORT                            0x200000ec   Data           8  spi.o(.data)
    __stdout                                 0x20000108   Data           4  stdout.o(.data)
    Frame                                    0x20000174   Data        1026  esp8266.o(.bss)
    NetDataBuf                               0x20000576   Data          30  tcp.o(.bss)
    NetTimeBuf                               0x20000594   Data          30  tcp.o(.bss)
    __initial_sp                             0x200009b8   Data           0  startup_stm32f10x_md.o(STACK)



==============================================================================

Memory Map of the image

  Image Entry point : 0x080000ed

  Load Region LR_IROM1 (Base: 0x08000000, Size: 0x00004300, Max: 0x00010000, ABSOLUTE)

    Execution Region ER_IROM1 (Exec base: 0x08000000, Load base: 0x08000000, Size: 0x000041f0, Max: 0x00010000, ABSOLUTE)

    Exec Addr    Load Addr    Size         Type   Attr      Idx    E Section Name        Object

    0x08000000   0x08000000   0x000000ec   Data   RO         3894    RESET               startup_stm32f10x_md.o
    0x080000ec   0x080000ec   0x00000000   Code   RO         3900  * .ARM.Collect$$$$00000000  mc_w.l(entry.o)
    0x080000ec   0x080000ec   0x00000004   Code   RO         4190    .ARM.Collect$$$$00000001  mc_w.l(entry2.o)
    0x080000f0   0x080000f0   0x00000004   Code   RO         4193    .ARM.Collect$$$$00000004  mc_w.l(entry5.o)
    0x080000f4   0x080000f4   0x00000000   Code   RO         4195    .ARM.Collect$$$$00000008  mc_w.l(entry7b.o)
    0x080000f4   0x080000f4   0x00000000   Code   RO         4197    .ARM.Collect$$$$0000000A  mc_w.l(entry8b.o)
    0x080000f4   0x080000f4   0x00000008   Code   RO         4198    .ARM.Collect$$$$0000000B  mc_w.l(entry9a.o)
    0x080000fc   0x080000fc   0x00000000   Code   RO         4200    .ARM.Collect$$$$0000000D  mc_w.l(entry10a.o)
    0x080000fc   0x080000fc   0x00000000   Code   RO         4202    .ARM.Collect$$$$0000000F  mc_w.l(entry11a.o)
    0x080000fc   0x080000fc   0x00000004   Code   RO         4191    .ARM.Collect$$$$00002712  mc_w.l(entry2.o)
    0x08000100   0x08000100   0x00000024   Code   RO         3895    .text               startup_stm32f10x_md.o
    0x08000124   0x08000124   0x00000024   Code   RO         3903    .text               mc_w.l(memcpya.o)
    0x08000148   0x08000148   0x00000024   Code   RO         3905    .text               mc_w.l(memseta.o)
    0x0800016c   0x0800016c   0x00000024   Code   RO         3907    .text               mc_w.l(strstr.o)
    0x08000190   0x08000190   0x0000000e   Code   RO         3909    .text               mc_w.l(strlen.o)
    0x0800019e   0x0800019e   0x0000001a   Code   RO         4174    .text               mc_w.l(atoi.o)
    0x080001b8   0x080001b8   0x0000014e   Code   RO         4176    .text               mf_w.l(dadd.o)
    0x08000306   0x08000306   0x000000e4   Code   RO         4178    .text               mf_w.l(dmul.o)
    0x080003ea   0x080003ea   0x00000012   Code   RO         4180    .text               mf_w.l(fflti.o)
    0x080003fc   0x080003fc   0x00000026   Code   RO         4182    .text               mf_w.l(f2d.o)
    0x08000422   0x08000422   0x00000038   Code   RO         4184    .text               mf_w.l(d2f.o)
    0x0800045a   0x0800045a   0x00000002   PAD
    0x0800045c   0x0800045c   0x00000014   Code   RO         4186    .text               mf_w.l(cfcmple.o)
    0x08000470   0x08000470   0x00000014   Code   RO         4188    .text               mf_w.l(cfrcmple.o)
    0x08000484   0x08000484   0x0000002c   Code   RO         4205    .text               mc_w.l(uidiv.o)
    0x080004b0   0x080004b0   0x00000062   Code   RO         4207    .text               mc_w.l(uldiv.o)
    0x08000512   0x08000512   0x0000001e   Code   RO         4209    .text               mc_w.l(llshl.o)
    0x08000530   0x08000530   0x00000024   Code   RO         4211    .text               mc_w.l(llsshr.o)
    0x08000554   0x08000554   0x00000070   Code   RO         4220    .text               mc_w.l(strtol.o)
    0x080005c4   0x080005c4   0x00000000   Code   RO         4222    .text               mc_w.l(iusefp.o)
    0x080005c4   0x080005c4   0x0000006e   Code   RO         4223    .text               mf_w.l(fepilogue.o)
    0x08000632   0x08000632   0x000000ba   Code   RO         4225    .text               mf_w.l(depilogue.o)
    0x080006ec   0x080006ec   0x000000de   Code   RO         4227    .text               mf_w.l(ddiv.o)
    0x080007ca   0x080007ca   0x00000030   Code   RO         4229    .text               mf_w.l(dfixul.o)
    0x080007fa   0x080007fa   0x00000002   PAD
    0x080007fc   0x080007fc   0x00000030   Code   RO         4231    .text               mf_w.l(cdrcmple.o)
    0x0800082c   0x0800082c   0x00000024   Code   RO         4233    .text               mc_w.l(init.o)
    0x08000850   0x08000850   0x00000020   Code   RO         4235    .text               mc_w.l(llushr.o)
    0x08000870   0x08000870   0x00000008   Code   RO         4237    .text               mc_w.l(ctype_o.o)
    0x08000878   0x08000878   0x0000009e   Code   RO         4265    .text               mc_w.l(_strtoul.o)
    0x08000916   0x08000916   0x0000001c   Code   RO         4267    .text               mc_w.l(_chval.o)
    0x08000932   0x08000932   0x00000002   PAD
    0x08000934   0x08000934   0x00000048   Code   RO          839    i.BUS_SPIExchangeByte  spi.o
    0x0800097c   0x0800097c   0x000000fc   Code   RO          840    i.BUS_SPIInit       spi.o
    0x08000a78   0x08000a78   0x00000004   Code   RO          166    i.BusFault_Handler  stm32f10x_it.o
    0x08000a7c   0x08000a7c   0x00000002   Code   RO          167    i.DebugMon_Handler  stm32f10x_it.o
    0x08000a7e   0x08000a7e   0x00000002   PAD
    0x08000a80   0x08000a80   0x0000004c   Code   RO          355    i.ESP8266_AT_Test   esp8266.o
    0x08000acc   0x08000acc   0x00000050   Code   RO          356    i.ESP8266_Close_Server  esp8266.o
    0x08000b1c   0x08000b1c   0x00000040   Code   RO          357    i.ESP8266_Enable_MultipleId  esp8266.o
    0x08000b5c   0x08000b5c   0x00000024   Code   RO          358    i.ESP8266_ExitUnvarnishSend  esp8266.o
    0x08000b80   0x08000b80   0x00000144   Code   RO          503    i.ESP8266_GetNetWeather  tcp.o
    0x08000cc4   0x08000cc4   0x0000007c   Code   RO          359    i.ESP8266_Get_LinkStatus  esp8266.o
    0x08000d40   0x08000d40   0x00000044   Code   RO          360    i.ESP8266_Init      esp8266.o
    0x08000d84   0x08000d84   0x00000040   Code   RO          361    i.ESP8266_JoinAP    esp8266.o
    0x08000dc4   0x08000dc4   0x000000c0   Code   RO          362    i.ESP8266_Link_Server  esp8266.o
    0x08000e84   0x08000e84   0x00000078   Code   RO          363    i.ESP8266_Net_Mode_Choose  esp8266.o
    0x08000efc   0x08000efc   0x00000020   Code   RO          364    i.ESP8266_Rst       esp8266.o
    0x08000f1c   0x08000f1c   0x0000003c   Code   RO          504    i.ESP8266_STA_ConnNet  tcp.o
    0x08000f58   0x08000f58   0x000000a0   Code   RO          365    i.ESP8266_SendString  esp8266.o
    0x08000ff8   0x08000ff8   0x000000c0   Code   RO          366    i.ESP8266_Send_AT_Cmd  esp8266.o
    0x080010b8   0x080010b8   0x0000004c   Code   RO          367    i.ESP8266_UnvarnishSend  esp8266.o
    0x08001104   0x08001104   0x00000030   Code   RO          751    i.EXTI1_IRQHandler  ld3320a.o
    0x08001134   0x08001134   0x0000000c   Code   RO         1688    i.EXTI_ClearFlag    stm32f10x_exti.o
    0x08001140   0x08001140   0x0000000c   Code   RO         1689    i.EXTI_ClearITPendingBit  stm32f10x_exti.o
    0x0800114c   0x0800114c   0x00000028   Code   RO         1693    i.EXTI_GetITStatus  stm32f10x_exti.o
    0x08001174   0x08001174   0x00000094   Code   RO         1694    i.EXTI_Init         stm32f10x_exti.o
    0x08001208   0x08001208   0x00000064   Code   RO            1    i.FS_ZN             main.o
    0x0800126c   0x0800126c   0x00000040   Code   RO         2039    i.GPIO_EXTILineConfig  stm32f10x_gpio.o
    0x080012ac   0x080012ac   0x00000116   Code   RO         2042    i.GPIO_Init         stm32f10x_gpio.o
    0x080013c2   0x080013c2   0x00000002   PAD
    0x080013c4   0x080013c4   0x00000090   Code   RO         2044    i.GPIO_PinRemapConfig  stm32f10x_gpio.o
    0x08001454   0x08001454   0x00000012   Code   RO         2046    i.GPIO_ReadInputDataBit  stm32f10x_gpio.o
    0x08001466   0x08001466   0x00000004   Code   RO         2049    i.GPIO_ResetBits    stm32f10x_gpio.o
    0x0800146a   0x0800146a   0x00000004   Code   RO         2050    i.GPIO_SetBits      stm32f10x_gpio.o
    0x0800146e   0x0800146e   0x00000004   Code   RO          168    i.HardFault_Handler  stm32f10x_it.o
    0x08001472   0x08001472   0x00000002   PAD
    0x08001474   0x08001474   0x00000038   Code   RO          691    i.I2C_Ack           i2c.o
    0x080014ac   0x080014ac   0x00000044   Code   RO          692    i.I2C_Configuration  i2c.o
    0x080014f0   0x080014f0   0x00000038   Code   RO          693    i.I2C_NoAck         i2c.o
    0x08001528   0x08001528   0x00000054   Code   RO          694    i.I2C_ReceiveByte   i2c.o
    0x0800157c   0x0800157c   0x00000058   Code   RO          695    i.I2C_SendByte      i2c.o
    0x080015d4   0x080015d4   0x00000054   Code   RO          696    i.I2C_Start         i2c.o
    0x08001628   0x08001628   0x00000038   Code   RO          697    i.I2C_Stop          i2c.o
    0x08001660   0x08001660   0x0000004c   Code   RO          698    i.I2C_WaitAck       i2c.o
    0x080016ac   0x080016ac   0x0000000e   Code   RO          699    i.I2C_delay         i2c.o
    0x080016ba   0x080016ba   0x00000002   PAD
    0x080016bc   0x080016bc   0x00000070   Code   RO          752    i.LD3320A_ASRInit   ld3320a.o
    0x0800172c   0x0800172c   0x000000c8   Code   RO          753    i.LD3320A_AsrAddFixed  ld3320a.o
    0x080017f4   0x080017f4   0x0000007c   Code   RO          754    i.LD3320A_AsrRunInit  ld3320a.o
    0x08001870   0x08001870   0x0000002a   Code   RO          755    i.LD3320A_CheckASRIdleFlag  ld3320a.o
    0x0800189a   0x0800189a   0x00000002   PAD
    0x0800189c   0x0800189c   0x000000c8   Code   RO          756    i.LD3320A_CommonInit  ld3320a.o
    0x08001964   0x08001964   0x00000108   Code   RO          757    i.LD3320A_GPIOInit  ld3320a.o
    0x08001a6c   0x08001a6c   0x0000000a   Code   RO          758    i.LD3320A_GetResult  ld3320a.o
    0x08001a76   0x08001a76   0x00000002   PAD
    0x08001a78   0x08001a78   0x00000020   Code   RO          759    i.LD3320A_Init      ld3320a.o
    0x08001a98   0x08001a98   0x00000048   Code   RO          760    i.LD3320A_ReadReg   ld3320a.o
    0x08001ae0   0x08001ae0   0x00000050   Code   RO          761    i.LD3320A_Reset     ld3320a.o
    0x08001b30   0x08001b30   0x00000050   Code   RO          762    i.LD3320A_RunAsr    ld3320a.o
    0x08001b80   0x08001b80   0x00000044   Code   RO          763    i.LD3320A_WriteReg  ld3320a.o
    0x08001bc4   0x08001bc4   0x00000004   Code   RO          169    i.MemManage_Handler  stm32f10x_it.o
    0x08001bc8   0x08001bc8   0x00000002   Code   RO          170    i.NMI_Handler       stm32f10x_it.o
    0x08001bca   0x08001bca   0x00000002   PAD
    0x08001bcc   0x08001bcc   0x00000070   Code   RO          891    i.NVIC_Init         misc.o
    0x08001c3c   0x08001c3c   0x00000014   Code   RO          892    i.NVIC_PriorityGroupConfig  misc.o
    0x08001c50   0x08001c50   0x00000014   Code   RO          861    i.PWM_SetCompare1   timer.o
    0x08001c64   0x08001c64   0x00000002   Code   RO          171    i.PendSV_Handler    stm32f10x_it.o
    0x08001c66   0x08001c66   0x00000002   PAD
    0x08001c68   0x08001c68   0x00000070   Code   RO          764    i.ProcessInt        ld3320a.o
    0x08001cd8   0x08001cd8   0x00000020   Code   RO         2458    i.RCC_APB1PeriphClockCmd  stm32f10x_rcc.o
    0x08001cf8   0x08001cf8   0x00000020   Code   RO         2460    i.RCC_APB2PeriphClockCmd  stm32f10x_rcc.o
    0x08001d18   0x08001d18   0x000000d4   Code   RO         2468    i.RCC_GetClocksFreq  stm32f10x_rcc.o
    0x08001dec   0x08001dec   0x00000066   Code   RO          602    i.SHT2X_IIC_ReadByte  sht2x.o
    0x08001e52   0x08001e52   0x00000040   Code   RO          603    i.SHT2X_IIC_WriteByte  sht2x.o
    0x08001e92   0x08001e92   0x00000002   PAD
    0x08001e94   0x08001e94   0x00000188   Code   RO          604    i.SHT2X_Init        sht2x.o
    0x0800201c   0x0800201c   0x0000005c   Code   RO          605    i.SHT2X_TEST        sht2x.o
    0x08002078   0x08002078   0x000000f4   Code   RO          606    i.SHT2x_Calc_RH     sht2x.o
    0x0800216c   0x0800216c   0x000000fc   Code   RO          607    i.SHT2x_Calc_T      sht2x.o
    0x08002268   0x08002268   0x0000004a   Code   RO          608    i.SHT2x_CheckCrc    sht2x.o
    0x080022b2   0x080022b2   0x000000f6   Code   RO          609    i.SHT2x_GetSerialNumber  sht2x.o
    0x080023a8   0x080023a8   0x00000016   Code   RO          610    i.SHT2x_ReadUserRegister  sht2x.o
    0x080023be   0x080023be   0x0000001c   Code   RO          612    i.SHT2x_WriteUserRegister  sht2x.o
    0x080023da   0x080023da   0x00000018   Code   RO         2937    i.SPI_Cmd           stm32f10x_spi.o
    0x080023f2   0x080023f2   0x00000012   Code   RO         2945    i.SPI_I2S_GetFlagStatus  stm32f10x_spi.o
    0x08002404   0x08002404   0x00000006   Code   RO         2948    i.SPI_I2S_ReceiveData  stm32f10x_spi.o
    0x0800240a   0x0800240a   0x00000004   Code   RO         2949    i.SPI_I2S_SendData  stm32f10x_spi.o
    0x0800240e   0x0800240e   0x0000003c   Code   RO         2950    i.SPI_Init          stm32f10x_spi.o
    0x0800244a   0x0800244a   0x00000002   Code   RO          172    i.SVC_Handler       stm32f10x_it.o
    0x0800244c   0x0800244c   0x00000008   Code   RO         3858    i.SetSysClock       system_stm32f10x.o
    0x08002454   0x08002454   0x000000e0   Code   RO         3859    i.SetSysClockTo72   system_stm32f10x.o
    0x08002534   0x08002534   0x0000007a   Code   RO          311    i.Syn6288_FramInfo  syn6288e.o
    0x080025ae   0x080025ae   0x00000002   Code   RO          173    i.SysTick_Handler   stm32f10x_it.o
    0x080025b0   0x080025b0   0x00000060   Code   RO         3861    i.SystemInit        system_stm32f10x.o
    0x08002610   0x08002610   0x00000018   Code   RO         3080    i.TIM_ARRPreloadConfig  stm32f10x_tim.o
    0x08002628   0x08002628   0x00000018   Code   RO         3092    i.TIM_Cmd           stm32f10x_tim.o
    0x08002640   0x08002640   0x00000098   Code   RO         3121    i.TIM_OC1Init       stm32f10x_tim.o
    0x080026d8   0x080026d8   0x00000012   Code   RO         3124    i.TIM_OC1PreloadConfig  stm32f10x_tim.o
    0x080026ea   0x080026ea   0x00000004   Code   RO         3153    i.TIM_SetCompare1   stm32f10x_tim.o
    0x080026ee   0x080026ee   0x00000002   PAD
    0x080026f0   0x080026f0   0x000000a4   Code   RO         3163    i.TIM_TimeBaseInit  stm32f10x_tim.o
    0x08002794   0x08002794   0x00000094   Code   RO          863    i.Timer3_Init       timer.o
    0x08002828   0x08002828   0x0000007c   Code   RO          368    i.USART1_IRQHandler  esp8266.o
    0x080028a4   0x080028a4   0x00000090   Code   RO          369    i.USART2_IRQHandler  esp8266.o
    0x08002934   0x08002934   0x00000018   Code   RO         3628    i.USART_Cmd         stm32f10x_usart.o
    0x0800294c   0x0800294c   0x0000001a   Code   RO         3631    i.USART_GetFlagStatus  stm32f10x_usart.o
    0x08002966   0x08002966   0x00000054   Code   RO         3632    i.USART_GetITStatus  stm32f10x_usart.o
    0x080029ba   0x080029ba   0x0000004a   Code   RO         3634    i.USART_ITConfig    stm32f10x_usart.o
    0x08002a04   0x08002a04   0x000000d8   Code   RO         3635    i.USART_Init        stm32f10x_usart.o
    0x08002adc   0x08002adc   0x0000000a   Code   RO         3642    i.USART_ReceiveData  stm32f10x_usart.o
    0x08002ae6   0x08002ae6   0x00000008   Code   RO         3645    i.USART_SendData    stm32f10x_usart.o
    0x08002aee   0x08002aee   0x00000106   Code   RO          370    i.USART_printf      esp8266.o
    0x08002bf4   0x08002bf4   0x00000004   Code   RO          174    i.UsageFault_Handler  stm32f10x_it.o
    0x08002bf8   0x08002bf8   0x000002c8   Code   RO            2    i.User_Modification  main.o
    0x08002ec0   0x08002ec0   0x00000020   Code   RO         4146    i.__0printf         mc_w.l(printfa.o)
    0x08002ee0   0x08002ee0   0x00000028   Code   RO         4148    i.__0sprintf        mc_w.l(printfa.o)
    0x08002f08   0x08002f08   0x00000008   Code   RO         4213    i.__aeabi_errno_addr  mc_w.l(errno.o)
    0x08002f10   0x08002f10   0x0000000e   Code   RO         4271    i.__scatterload_copy  mc_w.l(handlers.o)
    0x08002f1e   0x08002f1e   0x00000002   Code   RO         4272    i.__scatterload_null  mc_w.l(handlers.o)
    0x08002f20   0x08002f20   0x0000000e   Code   RO         4273    i.__scatterload_zeroinit  mc_w.l(handlers.o)
    0x08002f2e   0x08002f2e   0x00000002   PAD
    0x08002f30   0x08002f30   0x00000184   Code   RO         4153    i._fp_digits        mc_w.l(printfa.o)
    0x080030b4   0x080030b4   0x000006dc   Code   RO         4154    i._printf_core      mc_w.l(printfa.o)
    0x08003790   0x08003790   0x00000024   Code   RO         4155    i._printf_post_padding  mc_w.l(printfa.o)
    0x080037b4   0x080037b4   0x0000002e   Code   RO         4156    i._printf_pre_padding  mc_w.l(printfa.o)
    0x080037e2   0x080037e2   0x0000000a   Code   RO         4158    i._sputc            mc_w.l(printfa.o)
    0x080037ec   0x080037ec   0x00000018   Code   RO          253    i.delay_ms          delay.o
    0x08003804   0x08003804   0x00000032   Code   RO          255    i.delay_us          delay.o
    0x08003836   0x08003836   0x0000001a   Code   RO          614    i.delay_us          sht2x.o
    0x08003850   0x08003850   0x00000050   Code   RO          472    i.fan_Init          drv_fan.o
    0x080038a0   0x080038a0   0x00000034   Code   RO          277    i.fputc             usart.o
    0x080038d4   0x080038d4   0x00000062   Code   RO          371    i.itoa              esp8266.o
    0x08003936   0x08003936   0x00000002   PAD
    0x08003938   0x08003938   0x00000044   Code   RO          229    i.led_Init          drv_led.o
    0x0800397c   0x0800397c   0x00000010   Code   RO          230    i.led_OFF           drv_led.o
    0x0800398c   0x0800398c   0x00000010   Code   RO          231    i.led_ON            drv_led.o
    0x0800399c   0x0800399c   0x00000118   Code   RO            3    i.main              main.o
    0x08003ab4   0x08003ab4   0x00000028   Code   RO          312    i.syn6288_BY_Init   syn6288e.o
    0x08003adc   0x08003adc   0x0000000c   Code   RO          313    i.syn6288_Init      syn6288e.o
    0x08003ae8   0x08003ae8   0x0000002c   Code   RO          314    i.syn6288_Say       syn6288e.o
    0x08003b14   0x08003b14   0x0000003c   Code   RO          315    i.syn6288_Usart3_SendString  syn6288e.o
    0x08003b50   0x08003b50   0x00000080   Code   RO          316    i.syn6288_Usart_Init  syn6288e.o
    0x08003bd0   0x08003bd0   0x000000a4   Code   RO          278    i.uart2_Init        usart.o
    0x08003c74   0x08003c74   0x000000a8   Code   RO          279    i.usart1_Init       usart.o
    0x08003d1c   0x08003d1c   0x00000276   Data   RO          765    .constdata          ld3320a.o
    0x08003f92   0x08003f92   0x00000002   PAD
    0x08003f94   0x08003f94   0x00000038   Data   RO          841    .constdata          spi.o
    0x08003fcc   0x08003fcc   0x00000081   Data   RO         4238    .constdata          mc_w.l(ctype_o.o)
    0x0800404d   0x0800404d   0x00000003   PAD
    0x08004050   0x08004050   0x00000004   Data   RO         4239    .constdata          mc_w.l(ctype_o.o)
    0x08004054   0x08004054   0x0000017b   Data   RO          506    .conststring        tcp.o
    0x080041cf   0x080041cf   0x00000001   PAD
    0x080041d0   0x080041d0   0x00000020   Data   RO         4269    Region$$Table       anon$$obj.o


    Execution Region RW_IRAM1 (Exec base: 0x20000000, Load base: 0x080041f0, Size: 0x000009b8, Max: 0x00005000, ABSOLUTE)

    Exec Addr    Load Addr    Size         Type   Attr      Idx    E Section Name        Object

    0x20000000   0x080041f0   0x0000000d   Data   RW            5    .data               main.o
    0x2000000d   0x080041fd   0x00000003   PAD
    0x20000010   0x08004200   0x000000a0   Data   RW          507    .data               tcp.o
    0x200000b0   0x080042a0   0x00000020   Data   RW          615    .data               sht2x.o
    0x200000d0   0x080042c0   0x00000003   Data   RW          766    .data               ld3320a.o
    0x200000d3   0x080042c3   0x00000001   PAD
    0x200000d4   0x080042c4   0x00000020   Data   RW          842    .data               spi.o
    0x200000f4   0x080042e4   0x00000014   Data   RW         2488    .data               stm32f10x_rcc.o
    0x20000108   0x080042f8   0x00000004   Data   RW         4204    .data               mc_w.l(stdout.o)
    0x2000010c   0x080042fc   0x00000004   Data   RW         4216    .data               mc_w.l(errno.o)
    0x20000110        -       0x00000064   Zero   RW            4    .bss                main.o
    0x20000174        -       0x00000402   Zero   RW          372    .bss                esp8266.o
    0x20000576        -       0x0000003c   Zero   RW          505    .bss                tcp.o
    0x200005b2   0x08004300   0x00000006   PAD
    0x200005b8        -       0x00000400   Zero   RW         3892    STACK               startup_stm32f10x_md.o


==============================================================================

Image component sizes


      Code (inc. data)   RO Data    RW Data    ZI Data      Debug   Object Name

        74          0          0          0          0        942   delay.o
        80          6          0          0          0        483   drv_fan.o
       100         16          0          0          0       1334   drv_led.o
      1912        458          0          0       1026      11750   esp8266.o
       582         34          0          0          0       4420   i2c.o
      1444         80        630          3          0       8130   ld3320a.o
      1092        446          0         13        100     267947   main.o
       132         22          0          0          0       1631   misc.o
      1542        184          0         32          0       7874   sht2x.o
       324         56         56         32          0       2398   spi.o
        36          8        236          0       1024        920   startup_stm32f10x_md.o
       212         24          0          0          0       2765   stm32f10x_exti.o
       512         10          0          0          0       5308   stm32f10x_gpio.o
        26          0          0          0          0       3710   stm32f10x_it.o
       276         32          0         20          0       4550   stm32f10x_rcc.o
       112          0          0          0          0       4006   stm32f10x_spi.o
       386         62          0          0          0       4351   stm32f10x_tim.o
       442          6          0          0          0       6397   stm32f10x_usart.o
       406         20          0          0          0       3755   syn6288e.o
       328         28          0          0          0       2185   system_stm32f10x.o
       384        140        379        160         60       1981   tcp.o
       168         14          0          0          0       1116   timer.o
       384         24          0          0          0       1875   usart.o

    ----------------------------------------------------------------------
     10976       1670       1336        264       2216     349828   Object Totals
         0          0         32          0          0          0   (incl. Generated)
        22          0          3          4          6          0   (incl. Padding)

    ----------------------------------------------------------------------

      Code (inc. data)   RO Data    RW Data    ZI Data      Debug   Library Member Name

        28          0          0          0          0         68   _chval.o
       158          0          0          0          0         92   _strtoul.o
        26          0          0          0          0         80   atoi.o
         8          4        133          0          0         68   ctype_o.o
         0          0          0          0          0          0   entry.o
         0          0          0          0          0          0   entry10a.o
         0          0          0          0          0          0   entry11a.o
         8          4          0          0          0          0   entry2.o
         4          0          0          0          0          0   entry5.o
         0          0          0          0          0          0   entry7b.o
         0          0          0          0          0          0   entry8b.o
         8          4          0          0          0          0   entry9a.o
         8          4          0          4          0         68   errno.o
        30          0          0          0          0          0   handlers.o
        36          8          0          0          0         68   init.o
         0          0          0          0          0          0   iusefp.o
        30          0          0          0          0         68   llshl.o
        36          0          0          0          0         68   llsshr.o
        32          0          0          0          0         68   llushr.o
        36          0          0          0          0         68   memcpya.o
        36          0          0          0          0        108   memseta.o
      2308         96          0          0          0        604   printfa.o
         0          0          0          4          0          0   stdout.o
        14          0          0          0          0         68   strlen.o
        36          0          0          0          0         80   strstr.o
       112          0          0          0          0         88   strtol.o
        44          0          0          0          0         80   uidiv.o
        98          0          0          0          0         92   uldiv.o
        48          0          0          0          0         68   cdrcmple.o
        20          0          0          0          0         68   cfcmple.o
        20          0          0          0          0         68   cfrcmple.o
        56          0          0          0          0         88   d2f.o
       334          0          0          0          0        148   dadd.o
       222          0          0          0          0        100   ddiv.o
       186          0          0          0          0        176   depilogue.o
        48          0          0          0          0         68   dfixul.o
       228          0          0          0          0         96   dmul.o
        38          0          0          0          0         68   f2d.o
       110          0          0          0          0        168   fepilogue.o
        18          0          0          0          0         68   fflti.o

    ----------------------------------------------------------------------
      4432        120        136          8          0       3020   Library Totals
         8          0          3          0          0          0   (incl. Padding)

    ----------------------------------------------------------------------

      Code (inc. data)   RO Data    RW Data    ZI Data      Debug   Library Name

      3096        120        133          8          0       1836   mc_w.l
      1328          0          0          0          0       1184   mf_w.l

    ----------------------------------------------------------------------
      4432        120        136          8          0       3020   Library Totals

    ----------------------------------------------------------------------

==============================================================================


      Code (inc. data)   RO Data    RW Data    ZI Data      Debug   

     15408       1790       1472        272       2216     345304   Grand Totals
     15408       1790       1472        272       2216     345304   ELF Image Totals
     15408       1790       1472        272          0          0   ROM Totals

==============================================================================

    Total RO  Size (Code + RO Data)                16880 (  16.48kB)
    Total RW  Size (RW Data + ZI Data)              2488 (   2.43kB)
    Total ROM Size (Code + RO Data + RW Data)      17152 (  16.75kB)

==============================================================================

